Component: ARM Compiler 5.06 update 6 (build 750) Tool: armlink [4d35ed]

==============================================================================

Section Cross References

    startup_stm32f103xb.o(STACK) refers (Special) to heapauxi.o(.text) for __use_two_region_memory
    startup_stm32f103xb.o(HEAP) refers (Special) to heapauxi.o(.text) for __use_two_region_memory
    startup_stm32f103xb.o(RESET) refers (Special) to heapauxi.o(.text) for __use_two_region_memory
    startup_stm32f103xb.o(RESET) refers to startup_stm32f103xb.o(STACK) for __initial_sp
    startup_stm32f103xb.o(RESET) refers to startup_stm32f103xb.o(.text) for Reset_Handler
    startup_stm32f103xb.o(RESET) refers to stm32f1xx_it.o(i.NMI_Handler) for NMI_Handler
    startup_stm32f103xb.o(RESET) refers to stm32f1xx_it.o(i.HardFault_Handler) for HardFault_Handler
    startup_stm32f103xb.o(RESET) refers to stm32f1xx_it.o(i.MemManage_Handler) for MemManage_Handler
    startup_stm32f103xb.o(RESET) refers to stm32f1xx_it.o(i.BusFault_Handler) for BusFault_Handler
    startup_stm32f103xb.o(RESET) refers to stm32f1xx_it.o(i.UsageFault_Handler) for UsageFault_Handler
    startup_stm32f103xb.o(RESET) refers to port.o(.emb_text) for SVC_Handler
    startup_stm32f103xb.o(RESET) refers to stm32f1xx_it.o(i.DebugMon_Handler) for DebugMon_Handler
    startup_stm32f103xb.o(RESET) refers to port.o(i.SysTick_Handler) for SysTick_Handler
    startup_stm32f103xb.o(RESET) refers to stm32f1xx_it.o(i.TIM2_IRQHandler) for TIM2_IRQHandler
    startup_stm32f103xb.o(RESET) refers to stm32f1xx_it.o(i.TIM4_IRQHandler) for TIM4_IRQHandler
    startup_stm32f103xb.o(.text) refers (Special) to heapauxi.o(.text) for __use_two_region_memory
    startup_stm32f103xb.o(.text) refers to system_stm32f1xx.o(i.SystemInit) for SystemInit
    startup_stm32f103xb.o(.text) refers to __main.o(!!!main) for __main
    startup_stm32f103xb.o(.text) refers to startup_stm32f103xb.o(HEAP) for Heap_Mem
    startup_stm32f103xb.o(.text) refers to startup_stm32f103xb.o(STACK) for Stack_Mem
    main.o(i.HAL_TIM_IC_CaptureCallback) refers to dht11.o(i.DHT11_TIM_IC_Callback) for DHT11_TIM_IC_Callback
    main.o(i.HAL_TIM_PeriodElapsedCallback) refers to stm32f1xx_hal.o(i.HAL_IncTick) for HAL_IncTick
    main.o(i.MX_GPIO_Init) refers to stm32f1xx_hal_gpio.o(i.HAL_GPIO_WritePin) for HAL_GPIO_WritePin
    main.o(i.MX_GPIO_Init) refers to stm32f1xx_hal_gpio.o(i.HAL_GPIO_Init) for HAL_GPIO_Init
    main.o(i.MX_SPI1_Init) refers to stm32f1xx_hal_spi.o(i.HAL_SPI_Init) for HAL_SPI_Init
    main.o(i.MX_SPI1_Init) refers to main.o(.bss) for .bss
    main.o(i.MX_TIM2_Init) refers to stm32f1xx_hal_tim.o(i.HAL_TIM_Base_Init) for HAL_TIM_Base_Init
    main.o(i.MX_TIM2_Init) refers to stm32f1xx_hal_tim.o(i.HAL_TIM_ConfigClockSource) for HAL_TIM_ConfigClockSource
    main.o(i.MX_TIM2_Init) refers to stm32f1xx_hal_tim.o(i.HAL_TIM_IC_Init) for HAL_TIM_IC_Init
    main.o(i.MX_TIM2_Init) refers to stm32f1xx_hal_tim_ex.o(i.HAL_TIMEx_MasterConfigSynchronization) for HAL_TIMEx_MasterConfigSynchronization
    main.o(i.MX_TIM2_Init) refers to stm32f1xx_hal_tim.o(i.HAL_TIM_IC_ConfigChannel) for HAL_TIM_IC_ConfigChannel
    main.o(i.MX_TIM2_Init) refers to main.o(.bss) for .bss
    main.o(i.StartDisplayTask) refers to cmsis_os.o(i.osDelay) for osDelay
    main.o(i.StartHealthTask) refers to cmsis_os.o(i.osDelay) for osDelay
    main.o(i.StartSensorTask) refers to bmp180.o(i.BMP180_Init) for BMP180_Init
    main.o(i.StartSensorTask) refers to dht11.o(i.DHT11_Init) for DHT11_Init
    main.o(i.StartSensorTask) refers to bmp180.o(i.BMP180_GetData) for BMP180_GetData
    main.o(i.StartSensorTask) refers to dht11.o(i.DHT11_GetData) for DHT11_GetData
    main.o(i.StartSensorTask) refers to cmsis_os.o(i.osDelay) for osDelay
    main.o(i.SystemClock_Config) refers to rt_memclr_w.o(.text) for __aeabi_memclr4
    main.o(i.SystemClock_Config) refers to stm32f1xx_hal_rcc.o(i.HAL_RCC_OscConfig) for HAL_RCC_OscConfig
    main.o(i.SystemClock_Config) refers to stm32f1xx_hal_rcc.o(i.HAL_RCC_ClockConfig) for HAL_RCC_ClockConfig
    main.o(i.main) refers to stm32f1xx_hal.o(i.HAL_Init) for HAL_Init
    main.o(i.main) refers to main.o(i.SystemClock_Config) for SystemClock_Config
    main.o(i.main) refers to main.o(i.MX_GPIO_Init) for MX_GPIO_Init
    main.o(i.main) refers to main.o(i.MX_TIM2_Init) for MX_TIM2_Init
    main.o(i.main) refers to stm32f1xx_hal_i2c.o(i.HAL_I2C_Init) for HAL_I2C_Init
    main.o(i.main) refers to main.o(i.MX_SPI1_Init) for MX_SPI1_Init
    main.o(i.main) refers to cmsis_os.o(i.osMutexCreate) for osMutexCreate
    main.o(i.main) refers to rt_memcpy_w.o(.text) for __aeabi_memcpy4
    main.o(i.main) refers to cmsis_os.o(i.osThreadCreate) for osThreadCreate
    main.o(i.main) refers to cmsis_os.o(i.osKernelStart) for osKernelStart
    main.o(i.main) refers to main.o(.bss) for .bss
    main.o(i.main) refers to main.o(.data) for .data
    main.o(i.main) refers to main.o(.constdata) for .constdata
[...]
    i.I2C_WaitOnRXNEFlagUntilTimeout         0x08002310   Section        0  stm32f1xx_hal_i2c.o(i.I2C_WaitOnRXNEFlagUntilTimeout)
    I2C_WaitOnRXNEFlagUntilTimeout           0x08002311   Thumb Code   112  stm32f1xx_hal_i2c.o(i.I2C_WaitOnRXNEFlagUntilTimeout)
    i.I2C_WaitOnTXEFlagUntilTimeout          0x08002380   Section        0  stm32f1xx_hal_i2c.o(i.I2C_WaitOnTXEFlagUntilTimeout)
    I2C_WaitOnTXEFlagUntilTimeout            0x08002381   Thumb Code    86  stm32f1xx_hal_i2c.o(i.I2C_WaitOnTXEFlagUntilTimeout)
    i.MX_GPIO_Init                           0x080023d8   Section        0  main.o(i.MX_GPIO_Init)
    MX_GPIO_Init                             0x080023d9   Thumb Code   104  main.o(i.MX_GPIO_Init)
    i.MX_SPI1_Init                           0x08002448   Section        0  main.o(i.MX_SPI1_Init)
    MX_SPI1_Init                             0x08002449   Thumb Code    62  main.o(i.MX_SPI1_Init)
    i.MX_TIM2_Init                           0x08002490   Section        0  main.o(i.MX_TIM2_Init)
    MX_TIM2_Init                             0x08002491   Thumb Code   142  main.o(i.MX_TIM2_Init)
    i.MemManage_Handler                      0x08002524   Section        0  stm32f1xx_it.o(i.MemManage_Handler)
    i.NMI_Handler                            0x08002526   Section        0  stm32f1xx_it.o(i.NMI_Handler)
    i.Read_Calib                             0x08002528   Section        0  bmp180.o(i.Read_Calib)
    i.StartDisplayTask                       0x080025b8   Section        0  main.o(i.StartDisplayTask)
    i.StartHealthTask                        0x080025c0   Section        0  main.o(i.StartHealthTask)
    i.StartSensorTask                        0x080025c8   Section        0  main.o(i.StartSensorTask)
    i.SysTick_Handler                        0x08002614   Section        0  port.o(i.SysTick_Handler)
    i.SystemClock_Config                     0x08002640   Section        0  main.o(i.SystemClock_Config)
    i.SystemInit                             0x0800269e   Section        0  system_stm32f1xx.o(i.SystemInit)
    i.TIM2_IRQHandler                        0x080026a0   Section        0  stm32f1xx_it.o(i.TIM2_IRQHandler)
    i.TIM4_IRQHandler                        0x080026ac   Section        0  stm32f1xx_it.o(i.TIM4_IRQHandler)
    i.TIM_Base_SetConfig                     0x080026b8   Section        0  stm32f1xx_hal_tim.o(i.TIM_Base_SetConfig)
    i.TIM_CCxChannelCmd                      0x08002730   Section        0  stm32f1xx_hal_tim.o(i.TIM_CCxChannelCmd)
    i.TIM_ETR_SetConfig                      0x0800274a   Section        0  stm32f1xx_hal_tim.o(i.TIM_ETR_SetConfig)
    i.TIM_ITRx_SetConfig                     0x0800275e   Section        0  stm32f1xx_hal_tim.o(i.TIM_ITRx_SetConfig)
    TIM_ITRx_SetConfig                       0x0800275f   Thumb Code    16  stm32f1xx_hal_tim.o(i.TIM_ITRx_SetConfig)
    i.TIM_TI1_ConfigInputStage               0x0800276e   Section        0  stm32f1xx_hal_tim.o(i.TIM_TI1_ConfigInputStage)
    TIM_TI1_ConfigInputStage                 0x0800276f   Thumb Code    34  stm32f1xx_hal_tim.o(i.TIM_TI1_ConfigInputStage)
    i.TIM_TI1_SetConfig                      0x08002790   Section        0  stm32f1xx_hal_tim.o(i.TIM_TI1_SetConfig)
    i.TIM_TI2_ConfigInputStage               0x080027e8   Section        0  stm32f1xx_hal_tim.o(i.TIM_TI2_ConfigInputStage)
    TIM_TI2_ConfigInputStage                 0x080027e9   Thumb Code    36  stm32f1xx_hal_tim.o(i.TIM_TI2_ConfigInputStage)
    i.TIM_TI2_SetConfig                      0x0800280c   Section        0  stm32f1xx_hal_tim.o(i.TIM_TI2_SetConfig)
    TIM_TI2_SetConfig                        0x0800280d   Thumb Code    54  stm32f1xx_hal_tim.o(i.TIM_TI2_SetConfig)
    i.UsageFault_Handler                     0x08002842   Section        0  stm32f1xx_it.o(i.UsageFault_Handler)
    i.__NVIC_SetPriority                     0x08002844   Section        0  stm32f1xx_hal_cortex.o(i.__NVIC_SetPriority)
    __NVIC_SetPriority                       0x08002845   Thumb Code    32  stm32f1xx_hal_cortex.o(i.__NVIC_SetPriority)
    i.inHandlerMode                          0x08002864   Section        0  cmsis_os.o(i.inHandlerMode)
    inHandlerMode                            0x08002865   Thumb Code    12  cmsis_os.o(i.inHandlerMode)
    i.main                                   0x08002870   Section        0  main.o(i.main)
    i.makeFreeRtosPriority                   0x08002918   Section        0  cmsis_os.o(i.makeFreeRtosPriority)
    makeFreeRtosPriority                     0x08002919   Thumb Code    12  cmsis_os.o(i.makeFreeRtosPriority)
    i.osDelay                                0x08002924   Section        0  cmsis_os.o(i.osDelay)
    i.osKernelStart                          0x08002932   Section        0  cmsis_os.o(i.osKernelStart)
    i.osMutexCreate                          0x0800293c   Section        0  cmsis_os.o(i.osMutexCreate)
    i.osSemaphoreCreate                      0x0800294c   Section        0  cmsis_os.o(i.osSemaphoreCreate)
    i.osSemaphoreRelease                     0x0800299c   Section        0  cmsis_os.o(i.osSemaphoreRelease)
    i.osSemaphoreWait                        0x080029ec   Section        0  cmsis_os.o(i.osSemaphoreWait)
    i.osThreadCreate                         0x08002a50   Section        0  cmsis_os.o(i.osThreadCreate)
    i.prvAddCurrentTaskToDelayedList         0x08002aa4   Section        0  tasks.o(i.prvAddCurrentTaskToDelayedList)
    prvAddCurrentTaskToDelayedList           0x08002aa5   Thumb Code   102  tasks.o(i.prvAddCurrentTaskToDelayedList)
    i.prvAddNewTaskToReadyList               0x08002b14   Section        0  tasks.o(i.prvAddNewTaskToReadyList)
    prvAddNewTaskToReadyList                 0x08002b15   Thumb Code   194  tasks.o(i.prvAddNewTaskToReadyList)
    i.prvCheckForValidListAndQueue           0x08002be4   Section        0  timers.o(i.prvCheckForValidListAndQueue)
    prvCheckForValidListAndQueue             0x08002be5   Thumb Code    72  timers.o(i.prvCheckForValidListAndQueue)
    i.prvCopyDataFromQueue                   0x08002c3c   Section        0  queue.o(i.prvCopyDataFromQueue)
    prvCopyDataFromQueue                     0x08002c3d   Thumb Code    38  queue.o(i.prvCopyDataFromQueue)
    i.prvCopyDataToQueue                     0x08002c62   Section        0  queue.o(i.prvCopyDataToQueue)
    prvCopyDataToQueue                       0x08002c63   Thumb Code   108  queue.o(i.prvCopyDataToQueue)
    i.prvDeleteTCB                           0x08002cce   Section        0  tasks.o(i.prvDeleteTCB)
    prvDeleteTCB                             0x08002ccf   Thumb Code    52  tasks.o(i.prvDeleteTCB)
    i.prvHeapInit                            0x08002d04   Section        0  heap_4.o(i.prvHeapInit)
    prvHeapInit                              0x08002d05   Thumb Code    66  heap_4.o(i.prvHeapInit)
    i.prvIdleTask                            0x08002d50   Section        0  tasks.o(i.prvIdleTask)
    prvIdleTask                              0x08002d51   Thumb Code    82  tasks.o(i.prvIdleTask)
    i.prvInitialiseMutex                     0x08002db0   Section        0  queue.o(i.prvInitialiseMutex)
    prvInitialiseMutex                       0x08002db1   Thumb Code    22  queue.o(i.prvInitialiseMutex)
    i.prvInitialiseNewQueue                  0x08002dc6   Section        0  queue.o(i.prvInitialiseNewQueue)
    prvInitialiseNewQueue                    0x08002dc7   Thumb Code    22  queue.o(i.prvInitialiseNewQueue)
    i.prvInitialiseNewTask                   0x08002ddc   Section        0  tasks.o(i.prvInitialiseNewTask)
    prvInitialiseNewTask                     0x08002ddd   Thumb Code   152  tasks.o(i.prvInitialiseNewTask)
    i.prvInsertBlockIntoFreeList             0x08002e74   Section        0  heap_4.o(i.prvInsertBlockIntoFreeList)
    prvInsertBlockIntoFreeList               0x08002e75   Thumb Code    72  heap_4.o(i.prvInsertBlockIntoFreeList)
    i.prvInsertTimerInActiveList             0x08002ec0   Section        0  timers.o(i.prvInsertTimerInActiveList)
    prvInsertTimerInActiveList               0x08002ec1   Thumb Code    52  timers.o(i.prvInsertTimerInActiveList)
    i.prvIsQueueEmpty                        0x08002ef8   Section        0  queue.o(i.prvIsQueueEmpty)
    prvIsQueueEmpty                          0x08002ef9   Thumb Code    28  queue.o(i.prvIsQueueEmpty)
    i.prvProcessReceivedCommands             0x08002f14   Section        0  timers.o(i.prvProcessReceivedCommands)
    prvProcessReceivedCommands               0x08002f15   Thumb Code   234  timers.o(i.prvProcessReceivedCommands)
    i.prvProcessTimerOrBlockTask             0x08003004   Section        0  timers.o(i.prvProcessTimerOrBlockTask)
    prvProcessTimerOrBlockTask               0x08003005   Thumb Code   182  timers.o(i.prvProcessTimerOrBlockTask)
    i.prvResetNextTaskUnblockTime            0x080030c4   Section        0  tasks.o(i.prvResetNextTaskUnblockTime)
    prvResetNextTaskUnblockTime              0x080030c5   Thumb Code    26  tasks.o(i.prvResetNextTaskUnblockTime)
    i.prvSampleTimeNow                       0x080030e4   Section        0  timers.o(i.prvSampleTimeNow)
    prvSampleTimeNow                         0x080030e5   Thumb Code    36  timers.o(i.prvSampleTimeNow)
    i.prvSwitchTimerLists                    0x0800310c   Section        0  timers.o(i.prvSwitchTimerLists)
    prvSwitchTimerLists                      0x0800310d   Thumb Code   104  timers.o(i.prvSwitchTimerLists)
    i.prvTaskExitError                       0x08003178   Section        0  port.o(i.prvTaskExitError)
    prvTaskExitError                         0x08003179   Thumb Code    36  port.o(i.prvTaskExitError)
    i.prvTimerTask                           0x080031a0   Section        0  timers.o(i.prvTimerTask)
    prvTimerTask                             0x080031a1   Thumb Code    32  timers.o(i.prvTimerTask)
    i.prvUnlockQueue                         0x080031c4   Section        0  queue.o(i.prvUnlockQueue)
    prvUnlockQueue                           0x080031c5   Thumb Code   106  queue.o(i.prvUnlockQueue)
    i.pvPortMalloc                           0x08003230   Section        0  heap_4.o(i.pvPortMalloc)
    i.pvTaskIncrementMutexHeldCount          0x0800330c   Section        0  tasks.o(i.pvTaskIncrementMutexHeldCount)
    i.pxPortInitialiseStack                  0x08003324   Section        0  port.o(i.pxPortInitialiseStack)
    i.uxListRemove                           0x08003348   Section        0  list.o(i.uxListRemove)
    i.vApplicationGetIdleTaskMemory          0x08003370   Section        0  freertos.o(i.vApplicationGetIdleTaskMemory)
    i.vApplicationGetTimerTaskMemory         0x08003384   Section        0  freertos.o(i.vApplicationGetTimerTaskMemory)
    i.vListInitialise                        0x0800339c   Section        0  list.o(i.vListInitialise)
    i.vListInitialiseItem                    0x080033b2   Section        0  list.o(i.vListInitialiseItem)
    i.vListInsert                            0x080033b8   Section        0  list.o(i.vListInsert)
    i.vListInsertEnd                         0x080033e8   Section        0  list.o(i.vListInsertEnd)
    i.vPortEnterCritical                     0x08003400   Section        0  port.o(i.vPortEnterCritical)
    i.vPortExitCritical                      0x08003440   Section        0  port.o(i.vPortExitCritical)
    i.vPortFree                              0x08003468   Section        0  heap_4.o(i.vPortFree)
    i.vPortSetupTimerInterrupt               0x080034cc   Section        0  port.o(i.vPortSetupTimerInterrupt)
    i.vPortValidateInterruptPriority         0x080034f0   Section        0  port.o(i.vPortValidateInterruptPriority)
    i.vQueueAddToRegistry                    0x08003544   Section        0  queue.o(i.vQueueAddToRegistry)
    i.vQueueWaitForMessageRestricted         0x0800356c   Section        0  queue.o(i.vQueueWaitForMessageRestricted)
    i.vTaskDelay                             0x080035b0   Section        0  tasks.o(i.vTaskDelay)
    i.vTaskInternalSetTimeOutState           0x080035fc   Section        0  tasks.o(i.vTaskInternalSetTimeOutState)
    i.vTaskMissedYield                       0x0800360c   Section        0  tasks.o(i.vTaskMissedYield)
    i.vTaskPlaceOnEventList                  0x08003618   Section        0  tasks.o(i.vTaskPlaceOnEventList)
    i.vTaskPlaceOnEventListRestricted        0x08003648   Section        0  tasks.o(i.vTaskPlaceOnEventListRestricted)
    i.vTaskPriorityDisinheritAfterTimeout    0x08003680   Section        0  tasks.o(i.vTaskPriorityDisinheritAfterTimeout)
    i.vTaskStartScheduler                    0x08003720   Section        0  tasks.o(i.vTaskStartScheduler)
    i.vTaskSuspendAll                        0x080037a8   Section        0  tasks.o(i.vTaskSuspendAll)
    i.vTaskSwitchContext                     0x080037b8   Section        0  tasks.o(i.vTaskSwitchContext)
    i.xPortStartScheduler                    0x08003814   Section        0  port.o(i.xPortStartScheduler)
    i.xQueueCreateCountingSemaphore          0x080038bc   Section        0  queue.o(i.xQueueCreateCountingSemaphore)
    i.xQueueCreateCountingSemaphoreStatic    0x080038f6   Section        0  queue.o(i.xQueueCreateCountingSemaphoreStatic)
    i.xQueueCreateMutex                      0x08003936   Section        0  queue.o(i.xQueueCreateMutex)
    i.xQueueCreateMutexStatic                0x0800394c   Section        0  queue.o(i.xQueueCreateMutexStatic)
    i.xQueueGenericCreate                    0x08003966   Section        0  queue.o(i.xQueueGenericCreate)
    i.xQueueGenericCreateStatic              0x080039a8   Section        0  queue.o(i.xQueueGenericCreateStatic)
    i.xQueueGenericReset                     0x08003a10   Section        0  queue.o(i.xQueueGenericReset)
    i.xQueueGenericSend                      0x08003a98   Section        0  queue.o(i.xQueueGenericSend)
    i.xQueueGenericSendFromISR               0x08003bf8   Section        0  queue.o(i.xQueueGenericSendFromISR)
    i.xQueueGiveFromISR                      0x08003cb6   Section        0  queue.o(i.xQueueGiveFromISR)
    i.xQueueReceive                          0x08003d54   Section        0  queue.o(i.xQueueReceive)
    i.xQueueReceiveFromISR                   0x08003e8c   Section        0  queue.o(i.xQueueReceiveFromISR)
    i.xQueueSemaphoreTake                    0x08003f28   Section        0  queue.o(i.xQueueSemaphoreTake)
    i.xTaskCheckForTimeOut                   0x080040a0   Section        0  tasks.o(i.xTaskCheckForTimeOut)
    i.xTaskCreate                            0x08004114   Section        0  tasks.o(i.xTaskCreate)
    i.xTaskCreateStatic                      0x0800416e   Section        0  tasks.o(i.xTaskCreateStatic)
    i.xTaskGetSchedulerState                 0x080041c4   Section        0  tasks.o(i.xTaskGetSchedulerState)
    i.xTaskGetTickCount                      0x080041e0   Section        0  tasks.o(i.xTaskGetTickCount)
    i.xTaskIncrementTick                     0x080041ec   Section        0  tasks.o(i.xTaskIncrementTick)
    i.xTaskPriorityDisinherit                0x080042b8   Section        0  tasks.o(i.xTaskPriorityDisinherit)
    i.xTaskPriorityInherit                   0x08004350   Section        0  tasks.o(i.xTaskPriorityInherit)
    i.xTaskRemoveFromEventList               0x080043dc   Section        0  tasks.o(i.xTaskRemoveFromEventList)
    i.xTaskResumeAll                         0x08004450   Section        0  tasks.o(i.xTaskResumeAll)
    i.xTimerCreateTimerTask                  0x08004514   Section        0  timers.o(i.xTimerCreateTimerTask)
    i.xTimerGenericCommand                   0x08004574   Section        0  timers.o(i.xTimerGenericCommand)
    x$fpl$fadd                               0x080045d4   Section      196  faddsub_clz.o(x$fpl$fadd)
    _fadd1                                   0x080045e3   Thumb Code     0  faddsub_clz.o(x$fpl$fadd)
    x$fpl$fdiv                               0x08004698   Section      388  fdiv.o(x$fpl$fdiv)
    _fdiv1                                   0x08004699   Thumb Code     0  fdiv.o(x$fpl$fdiv)
    x$fpl$fflt                               0x0800481c   Section       48  fflt_clz.o(x$fpl$fflt)
    x$fpl$ffltu                              0x0800484c   Section       38  fflt_clz.o(x$fpl$ffltu)
    x$fpl$fnaninf                            0x08004872   Section      140  fnaninf.o(x$fpl$fnaninf)
    x$fpl$fretinf                            0x080048fe   Section       10  fretinf.o(x$fpl$fretinf)
    x$fpl$fsub                               0x08004908   Section      234  faddsub_clz.o(x$fpl$fsub)
    _fsub1                                   0x08004917   Thumb Code     0  faddsub_clz.o(x$fpl$fsub)
    x$fpl$usenofp                            0x080049f2   Section        0  usenofp.o(x$fpl$usenofp)
    .constdata                               0x080049f4   Section       84  main.o(.constdata)
    .constdata                               0x08004a48   Section       18  stm32f1xx_hal_rcc.o(.constdata)
    aPredivFactorTable                       0x08004a48   Data           2  stm32f1xx_hal_rcc.o(.constdata)
    aPLLMULFactorTable                       0x08004a4a   Data          16  stm32f1xx_hal_rcc.o(.constdata)
    .constdata                               0x08004a5a   Section       16  system_stm32f1xx.o(.constdata)
    .constdata                               0x08004a6a   Section        8  system_stm32f1xx.o(.constdata)
    .conststring                             0x08004a74   Section       36  main.o(.conststring)
    .data                                    0x20000000   Section       16  main.o(.data)
    .data                                    0x20000010   Section       12  stm32f1xx_hal.o(.data)
    .data                                    0x2000001c   Section        4  system_stm32f1xx.o(.data)
    .data                                    0x20000020   Section       60  tasks.o(.data)
    uxDeletedTasksWaitingCleanUp             0x20000024   Data           4  tasks.o(.data)
    uxCurrentNumberOfTasks                   0x20000028   Data           4  tasks.o(.data)
    xTickCount                               0x2000002c   Data           4  tasks.o(.data)
    uxTopReadyPriority                       0x20000030   Data           4  tasks.o(.data)
    xSchedulerRunning                        0x20000034   Data           4  tasks.o(.data)
    xPendedTicks                             0x20000038   Data           4  tasks.o(.data)
    xYieldPending                            0x2000003c   Data           4  tasks.o(.data)
    xNumOfOverflows                          0x20000040   Data           4  tasks.o(.data)
    uxTaskNumber                             0x20000044   Data           4  tasks.o(.data)
    xNextTaskUnblockTime                     0x20000048   Data           4  tasks.o(.data)
    xIdleTaskHandle                          0x2000004c   Data           4  tasks.o(.data)
    uxSchedulerSuspended                     0x20000050   Data           4  tasks.o(.data)
    pxDelayedTaskList                        0x20000054   Data           4  tasks.o(.data)
    pxOverflowDelayedTaskList                0x20000058   Data           4  tasks.o(.data)
    .data                                    0x2000005c   Section       20  timers.o(.data)
    xTimerQueue                              0x2000005c   Data           4  timers.o(.data)
    xTimerTaskHandle                         0x20000060   Data           4  timers.o(.data)
    xLastTime                                0x20000064   Data           4  timers.o(.data)
    pxCurrentTimerList                       0x20000068   Data           4  timers.o(.data)
    pxOverflowTimerList                      0x2000006c   Data           4  timers.o(.data)
    .data                                    0x20000070   Section       32  heap_4.o(.data)
    pxEnd                                    0x20000070   Data           4  heap_4.o(.data)
    xFreeBytesRemaining                      0x20000074   Data           4  heap_4.o(.data)
    xMinimumEverFreeBytesRemaining           0x20000078   Data           4  heap_4.o(.data)
    xNumberOfSuccessfulAllocations           0x2000007c   Data           4  heap_4.o(.data)
    xNumberOfSuccessfulFrees                 0x20000080   Data           4  heap_4.o(.data)
    xBlockAllocatedBit                       0x20000084   Data           4  heap_4.o(.data)
    xStart                                   0x20000088   Data           8  heap_4.o(.data)
    .data                                    0x20000090   Section       12  port.o(.data)
    ucMaxSysCallPriority                     0x20000090   Data           1  port.o(.data)
    uxCriticalNesting                        0x20000094   Data           4  port.o(.data)
    ulMaxPRIGROUPValue                       0x20000098   Data           4  port.o(.data)
    .data                                    0x2000009c   Section        1  bmp180.o(.data)
    initialized                              0x2000009c   Data           1  bmp180.o(.data)
    .data                                    0x200000a0   Section       25  dht11.o(.data)
    dht11_state                              0x200000a0   Data           1  dht11.o(.data)
    byte_index                               0x200000a1   Data           1  dht11.o(.data)
    bit_index                                0x200000a2   Data           1  dht11.o(.data)
    rising_edge_tick                         0x200000a4   Data           2  dht11.o(.data)
    dht11_semaphore                          0x200000a8   Data           4  dht11.o(.data)
    last_temperature                         0x200000ac   Data           4  dht11.o(.data)
    last_humidity                            0x200000b0   Data           4  dht11.o(.data)
    dht11_buffer                             0x200000b4   Data           5  dht11.o(.data)
    .bss                                     0x200000bc   Section      244  main.o(.bss)
    .bss                                     0x200001b0   Section     1704  freertos.o(.bss)
    xIdleTaskTCBBuffer                       0x200001b0   Data          84  freertos.o(.bss)
    xIdleStack                               0x20000204   Data         512  freertos.o(.bss)
    xTimerTaskTCBBuffer                      0x20000404   Data          84  freertos.o(.bss)
    xTimerStack                              0x20000458   Data        1024  freertos.o(.bss)
    .bss                                     0x20000858   Section       72  stm32f1xx_hal_timebase_tim.o(.bss)
    .bss                                     0x200008a0   Section       64  queue.o(.bss)
    .bss                                     0x200008e0   Section      240  tasks.o(.bss)
    pxReadyTasksLists                        0x200008e0   Data         140  tasks.o(.bss)
    xDelayedTaskList1                        0x2000096c   Data          20  tasks.o(.bss)
    xDelayedTaskList2                        0x20000980   Data          20  tasks.o(.bss)
    xPendingReadyList                        0x20000994   Data          20  tasks.o(.bss)
    xTasksWaitingTermination                 0x200009a8   Data          20  tasks.o(.bss)
    xSuspendedTaskList                       0x200009bc   Data          20  tasks.o(.bss)
    .bss                                     0x200009d0   Section      232  timers.o(.bss)
    xStaticTimerQueue                        0x200009d0   Data          72  timers.o(.bss)
    ucStaticTimerQueueStorage                0x20000a18   Data         120  timers.o(.bss)
    xActiveTimerList1                        0x20000a90   Data          20  timers.o(.bss)
    xActiveTimerList2                        0x20000aa4   Data          20  timers.o(.bss)
    .bss                                     0x20000ab8   Section     3072  heap_4.o(.bss)
    ucHeap                                   0x20000ab8   Data        3072  heap_4.o(.bss)
    .bss                                     0x200016b8   Section       22  bmp180.o(.bss)
    calib                                    0x200016b8   Data          22  bmp180.o(.bss)
    .bss                                     0x200016d0   Section       96  libspace.o(.bss)
    HEAP                                     0x20001730   Section      512  startup_stm32f103xb.o(HEAP)
    Heap_Mem                                 0x20001730   Data         512  startup_stm32f103xb.o(HEAP)
    STACK                                    0x20001930   Section     1024  startup_stm32f103xb.o(STACK)
    Stack_Mem                                0x20001930   Data        1024  startup_stm32f103xb.o(STACK)
    __initial_sp                             0x20001d30   Data           0  startup_stm32f103xb.o(STACK)

    Global Symbols

    Symbol Name                              Value     Ov Type        Size  Object(Section)

    BuildAttributes$$THM_ISAv4$P$D$K$B$S$PE$A:L22UL41UL21$X:L11$S22US41US21$IEEE1$IW$USESV6$~STKCKD$USESV7$~SHL$OSPACE$ROPI$EBA8$UX$STANDARDLIB$REQ8$PRES8$EABIv2 0x00000000   Number         0  anon$$obj.o ABSOLUTE
    __ARM_use_no_argv                        0x00000000   Number         0  main.o ABSOLUTE
    __ARM_exceptions_init                     - Undefined Weak Reference
    __alloca_initialize                       - Undefined Weak Reference
    __arm_preinit_                            - Undefined Weak Reference
    __cpp_initialize__aeabi_                  - Undefined Weak Reference
    __cxa_finalize                            - Undefined Weak Reference
    __rt_locale                               - Undefined Weak Reference
    __sigvec_lookup                           - Undefined Weak Reference
    _atexit_init                              - Undefined Weak Reference
    _call_atexit_fns                          - Undefined Weak Reference
    _clock_init                               - Undefined Weak Reference
    _fp_trap_init                             - Undefined Weak Reference
    _fp_trap_shutdown                         - Undefined Weak Reference
    _get_lc_collate                           - Undefined Weak Reference
    _get_lc_ctype                             - Undefined Weak Reference
    _get_lc_monetary                          - Undefined Weak Reference
    _get_lc_numeric                           - Undefined Weak Reference
    _get_lc_time                              - Undefined Weak Reference
    _getenv_init                              - Undefined Weak Reference
    _handle_redirection                       - Undefined Weak Reference
    _init_alloc                               - Undefined Weak Reference
    _init_user_alloc                          - Undefined Weak Reference
    _initio                                   - Undefined Weak Reference
    _rand_init                                - Undefined Weak Reference
    _signal_finish                            - Undefined Weak Reference
    _signal_init                              - Undefined Weak Reference
    _terminate_alloc                          - Undefined Weak Reference
    _terminate_user_alloc                     - Undefined Weak Reference
    _terminateio                              - Undefined Weak Reference
    __Vectors_Size                           0x000000ec   Number         0  startup_stm32f103xb.o ABSOLUTE
    __Vectors                                0x08000000   Data           4  startup_stm32f103xb.o(RESET)
    __Vectors_End                            0x080000ec   Data           0  startup_stm32f103xb.o(RESET)
    __main                                   0x080000ed   Thumb Code     8  __main.o(!!!main)
    __scatterload                            0x080000f5   Thumb Code     0  __scatter.o(!!!scatter)
    __scatterload_rt2                        0x080000f5   Thumb Code    44  __scatter.o(!!!scatter)
    __scatterload_rt2_thumb_only             0x080000f5   Thumb Code     0  __scatter.o(!!!scatter)
    __scatterload_null                       0x08000103   Thumb Code     0  __scatter.o(!!!scatter)
    __scatterload_copy                       0x08000129   Thumb Code    26  __scatter_copy.o(!!handler_copy)
    __scatterload_zeroinit                   0x08000145   Thumb Code    28  __scatter_zi.o(!!handler_zi)
    __rt_lib_init                            0x08000161   Thumb Code     0  libinit.o(.ARM.Collect$$libinit$$00000000)
    __rt_lib_init_alloca_1                   0x08000163   Thumb Code     0  libinit2.o(.ARM.Collect$$libinit$$0000002E)
    __rt_lib_init_argv_1                     0x08000163   Thumb Code     0  libinit2.o(.ARM.Collect$$libinit$$0000002C)
    __rt_lib_init_atexit_1                   0x08000163   Thumb Code     0  libinit2.o(.ARM.Collect$$libinit$$0000001B)
    __rt_lib_init_clock_1                    0x08000163   Thumb Code     0  libinit2.o(.ARM.Collect$$libinit$$00000021)
    __rt_lib_init_cpp_1                      0x08000163   Thumb Code     0  libinit2.o(.ARM.Collect$$libinit$$00000032)
    __rt_lib_init_exceptions_1               0x08000163   Thumb Code     0  libinit2.o(.ARM.Collect$$libinit$$00000030)
    __rt_lib_init_fp_1                       0x08000163   Thumb Code     0  libinit2.o(.ARM.Collect$$libinit$$00000002)
    __rt_lib_init_fp_trap_1                  0x08000163   Thumb Code     0  libinit2.o(.ARM.Collect$$libinit$$0000001F)
    __rt_lib_init_getenv_1                   0x08000163   Thumb Code     0  libinit2.o(.ARM.Collect$$libinit$$00000023)
    __rt_lib_init_heap_1                     0x08000163   Thumb Code     0  libinit2.o(.ARM.Collect$$libinit$$0000000A)
    __rt_lib_init_lc_collate_1               0x08000163   Thumb Code     0  libinit2.o(.ARM.Collect$$libinit$$00000011)
    __rt_lib_init_lc_ctype_1                 0x08000163   Thumb Code     0  libinit2.o(.ARM.Collect$$libinit$$00000013)
    __rt_lib_init_lc_monetary_1              0x08000163   Thumb Code     0  libinit2.o(.ARM.Collect$$libinit$$00000015)
    __rt_lib_init_lc_numeric_1               0x08000163   Thumb Code     0  libinit2.o(.ARM.Collect$$libinit$$00000017)
    __rt_lib_init_lc_time_1                  0x08000163   Thumb Code     0  libinit2.o(.ARM.Collect$$libinit$$00000019)
    __rt_lib_init_preinit_1                  0x08000163   Thumb Code     0  libinit2.o(.ARM.Collect$$libinit$$00000004)
    __rt_lib_init_rand_1                     0x08000163   Thumb Code     0  libinit2.o(.ARM.Collect$$libinit$$0000000E)
    __rt_lib_init_return                     0x08000163   Thumb Code     0  libinit2.o(.ARM.Collect$$libinit$$00000033)
    __rt_lib_init_signal_1                   0x08000163   Thumb Code     0  libinit2.o(.ARM.Collect$$libinit$$0000001D)
    __rt_lib_init_stdio_1                    0x08000163   Thumb Code     0  libinit2.o(.ARM.Collect$$libinit$$00000025)
    __rt_lib_init_user_alloc_1               0x08000163   Thumb Code     0  libinit2.o(.ARM.Collect$$libinit$$0000000C)
    __rt_lib_shutdown                        0x08000165   Thumb Code     0  libshutdown.o(.ARM.Collect$$libshutdown$$00000000)
    __rt_lib_shutdown_cpp_1                  0x08000167   Thumb Code     0  libshutdown2.o(.ARM.Collect$$libshutdown$$00000002)
    __rt_lib_shutdown_fp_trap_1              0x08000167   Thumb Code     0  libshutdown2.o(.ARM.Collect$$libshutdown$$00000007)
    __rt_lib_shutdown_heap_1                 0x08000167   Thumb Code     0  libshutdown2.o(.ARM.Collect$$libshutdown$$0000000F)
    __rt_lib_shutdown_return                 0x08000167   Thumb Code     0  libshutdown2.o(.ARM.Collect$$libshutdown$$00000010)
    __rt_lib_shutdown_signal_1               0x08000167   Thumb Code     0  libshutdown2.o(.ARM.Collect$$libshutdown$$0000000A)
    __rt_lib_shutdown_stdio_1                0x08000167   Thumb Code     0  libshutdown2.o(.ARM.Collect$$libshutdown$$00000004)
    __rt_lib_shutdown_user_alloc_1           0x08000167   Thumb Code     0  libshutdown2.o(.ARM.Collect$$libshutdown$$0000000C)
    __rt_entry                               0x08000169   Thumb Code     0  __rtentry.o(.ARM.Collect$$rtentry$$00000000)
    __rt_entry_presh_1                       0x08000169   Thumb Code     0  __rtentry2.o(.ARM.Collect$$rtentry$$00000002)
    __rt_entry_sh                            0x08000169   Thumb Code     0  __rtentry4.o(.ARM.Collect$$rtentry$$00000004)
    __rt_entry_li                            0x0800016f   Thumb Code     0  __rtentry2.o(.ARM.Collect$$rtentry$$0000000A)
    __rt_entry_postsh_1                      0x0800016f   Thumb Code     0  __rtentry2.o(.ARM.Collect$$rtentry$$00000009)
    __rt_entry_main                          0x08000173   Thumb Code     0  __rtentry2.o(.ARM.Collect$$rtentry$$0000000D)
    __rt_entry_postli_1                      0x08000173   Thumb Code     0  __rtentry2.o(.ARM.Collect$$rtentry$$0000000C)
    __rt_exit                                0x0800017b   Thumb Code     0  rtexit.o(.ARM.Collect$$rtexit$$00000000)
    __rt_exit_ls                             0x0800017d   Thumb Code     0  rtexit2.o(.ARM.Collect$$rtexit$$00000003)
    __rt_exit_prels_1                        0x0800017d   Thumb Code     0  rtexit2.o(.ARM.Collect$$rtexit$$00000002)
    __rt_exit_exit                           0x08000181   Thumb Code     0  rtexit2.o(.ARM.Collect$$rtexit$$00000004)
    SVC_Handler                              0x08000189   Thumb Code    32  port.o(.emb_text)
    __asm___6_port_c_39a90d8d__prvStartFirstTask 0x080001ad   Thumb Code    28  port.o(.emb_text)
    PendSV_Handler                           0x080001cd   Thumb Code    72  port.o(.emb_text)
    vPortGetIPSR                             0x08000219   Thumb Code     6  port.o(.emb_text)
    Reset_Handler                            0x08000221   Thumb Code     8  startup_stm32f103xb.o(.text)
    ADC1_2_IRQHandler                        0x0800023b   Thumb Code     0  startup_stm32f103xb.o(.text)
    CAN1_RX1_IRQHandler                      0x0800023b   Thumb Code     0  startup_stm32f103xb.o(.text)
    CAN1_SCE_IRQHandler                      0x0800023b   Thumb Code     0  startup_stm32f103xb.o(.text)
    DMA1_Channel1_IRQHandler                 0x0800023b   Thumb Code     0  startup_stm32f103xb.o(.text)
    DMA1_Channel2_IRQHandler                 0x0800023b   Thumb Code     0  startup_stm32f103xb.o(.text)
    DMA1_Channel3_IRQHandler                 0x0800023b   Thumb Code     0  startup_stm32f103xb.o(.text)
    DMA1_Channel4_IRQHandler                 0x0800023b   Thumb Code     0  startup_stm32f103xb.o(.text)
    DMA1_Channel5_IRQHandler                 0x0800023b   Thumb Code     0  startup_stm32f103xb.o(.text)
    DMA1_Channel6_IRQHandler                 0x0800023b   Thumb Code     0  startup_stm32f103xb.o(.text)
    DMA1_Channel7_IRQHandler                 0x0800023b   Thumb Code     0  startup_stm32f103xb.o(.text)
    EXTI0_IRQHandler                         0x0800023b   Thumb Code     0  startup_stm32f103xb.o(.text)
    EXTI15_10_IRQHandler                     0x0800023b   Thumb Code     0  startup_stm32f103xb.o(.text)
    EXTI1_IRQHandler                         0x0800023b   Thumb Code     0  startup_stm32f103xb.o(.text)
    EXTI2_IRQHandler                         0x0800023b   Thumb Code     0  startup_stm32f103xb.o(.text)
    EXTI3_IRQHandler                         0x0800023b   Thumb Code     0  startup_stm32f103xb.o(.text)
    EXTI4_IRQHandler                         0x0800023b   Thumb Code     0  startup_stm32f103xb.o(.text)
    EXTI9_5_IRQHandler                       0x0800023b   Thumb Code     0  startup_stm32f103xb.o(.text)
    FLASH_IRQHandler                         0x0800023b   Thumb Code     0  startup_stm32f103xb.o(.text)
    I2C1_ER_IRQHandler                       0x0800023b   Thumb Code     0  startup_stm32f103xb.o(.text)
    I2C1_EV_IRQHandler                       0x0800023b   Thumb Code     0  startup_stm32f103xb.o(.text)
    I2C2_ER_IRQHandler                       0x0800023b   Thumb Code     0  startup_stm32f103xb.o(.text)
    I2C2_EV_IRQHandler                       0x0800023b   Thumb Code     0  startup_stm32f103xb.o(.text)
    PVD_IRQHandler                           0x0800023b   Thumb Code     0  startup_stm32f103xb.o(.text)
    RCC_IRQHandler                           0x0800023b   Thumb Code     0  startup_stm32f103xb.o(.text)
    RTC_Alarm_IRQHandler                     0x0800023b   Thumb Code     0  startup_stm32f103xb.o(.text)
    RTC_IRQHandler                           0x0800023b   Thumb Code     0  startup_stm32f103xb.o(.text)
    SPI1_IRQHandler                          0x0800023b   Thumb Code     0  startup_stm32f103xb.o(.text)
    SPI2_IRQHandler                          0x0800023b   Thumb Code     0  startup_stm32f103xb.o(.text)
    TAMPER_IRQHandler                        0x0800023b   Thumb Code     0  startup_stm32f103xb.o(.text)
    TIM1_BRK_IRQHandler                      0x0800023b   Thumb Code     0  startup_stm32f103xb.o(.text)
    TIM1_CC_IRQHandler                       0x0800023b   Thumb Code     0  startup_stm32f103xb.o(.text)
    TIM1_TRG_COM_IRQHandler                  0x0800023b   Thumb Code     0  startup_stm32f103xb.o(.text)
    TIM1_UP_IRQHandler                       0x0800023b   Thumb Code     0  startup_stm32f103xb.o(.text)
    TIM3_IRQHandler                          0x0800023b   Thumb Code     0  startup_stm32f103xb.o(.text)
    USART1_IRQHandler                        0x0800023b   Thumb Code     0  startup_stm32f103xb.o(.text)
    USART2_IRQHandler                        0x0800023b   Thumb Code     0  startup_stm32f103xb.o(.text)
    USART3_IRQHandler                        0x0800023b   Thumb Code     0  startup_stm32f103xb.o(.text)
    USBWakeUp_IRQHandler                     0x0800023b   Thumb Code     0  startup_stm32f103xb.o(.text)
    USB_HP_CAN1_TX_IRQHandler                0x0800023b   Thumb Code     0  startup_stm32f103xb.o(.text)
    USB_LP_CAN1_RX0_IRQHandler               0x0800023b   Thumb Code     0  startup_stm32f103xb.o(.text)
    WWDG_IRQHandler                          0x0800023b   Thumb Code     0  startup_stm32f103xb.o(.text)
    __user_initial_stackheap                 0x0800023d   Thumb Code     0  startup_stm32f103xb.o(.text)
    __aeabi_memcpy                           0x08000261   Thumb Code     0  rt_memcpy_v6.o(.text)
    __rt_memcpy                              0x08000261   Thumb Code   138  rt_memcpy_v6.o(.text)
    _memcpy_lastbytes                        0x080002c7   Thumb Code     0  rt_memcpy_v6.o(.text)
    __aeabi_memcpy4                          0x080002eb   Thumb Code     0  rt_memcpy_w.o(.text)
    __aeabi_memcpy8                          0x080002eb   Thumb Code     0  rt_memcpy_w.o(.text)
    __rt_memcpy_w                            0x080002eb   Thumb Code   100  rt_memcpy_w.o(.text)
    _memcpy_lastbytes_aligned                0x08000333   Thumb Code     0  rt_memcpy_w.o(.text)
    __aeabi_memclr4                          0x0800034f   Thumb Code     0  rt_memclr_w.o(.text)
    __aeabi_memclr8                          0x0800034f   Thumb Code     0  rt_memclr_w.o(.text)
    __rt_memclr_w                            0x0800034f   Thumb Code    78  rt_memclr_w.o(.text)
    _memset_w                                0x08000353   Thumb Code     0  rt_memclr_w.o(.text)
    __use_two_region_memory                  0x0800039d   Thumb Code     2  heapauxi.o(.text)
    __rt_heap_escrow$2region                 0x0800039f   Thumb Code     2  heapauxi.o(.text)
    __rt_heap_expand$2region                 0x080003a1   Thumb Code     2  heapauxi.o(.text)
    __user_setup_stackheap                   0x080003a3   Thumb Code    74  sys_stackheap_outer.o(.text)
    exit                                     0x080003ed   Thumb Code    18  exit.o(.text)
    __user_libspace                          0x08000401   Thumb Code     8  libspace.o(.text)
    __user_perproc_libspace                  0x08000401   Thumb Code     0  libspace.o(.text)
    __user_perthread_libspace                0x08000401   Thumb Code     0  libspace.o(.text)
    _sys_exit                                0x08000409   Thumb Code     8  sys_exit.o(.text)
    __I$use$semihosting                      0x08000415   Thumb Code     0  use_no_semi.o(.text)
    __use_no_semihosting_swi                 0x08000415   Thumb Code     2  use_no_semi.o(.text)
    __semihosting_library_function           0x08000417   Thumb Code     0  indicate_semi.o(.text)
    BMP180_GetData                           0x080004ad   Thumb Code   120  bmp180.o(i.BMP180_GetData)
    BMP180_Init                              0x08000535   Thumb Code    72  bmp180.o(i.BMP180_Init)
    BusFault_Handler                         0x08000661   Thumb Code     2  stm32f1xx_it.o(i.BusFault_Handler)
    DHT11_GetData                            0x08000665   Thumb Code   150  dht11.o(i.DHT11_GetData)
    DHT11_Init                               0x08000705   Thumb Code    62  dht11.o(i.DHT11_Init)
    DHT11_TIM_IC_Callback                    0x08000895   Thumb Code   116  dht11.o(i.DHT11_TIM_IC_Callback)
    DebugMon_Handler                         0x08000951   Thumb Code     2  stm32f1xx_it.o(i.DebugMon_Handler)
    HAL_Delay                                0x08000955   Thumb Code    32  stm32f1xx_hal.o(i.HAL_Delay)
    HAL_GPIO_Init                            0x08000979   Thumb Code   446  stm32f1xx_hal_gpio.o(i.HAL_GPIO_Init)
    HAL_GPIO_WritePin                        0x08000b59   Thumb Code    10  stm32f1xx_hal_gpio.o(i.HAL_GPIO_WritePin)
    HAL_GetTick                              0x08000b65   Thumb Code     6  stm32f1xx_hal.o(i.HAL_GetTick)
    HAL_I2C_Init                             0x08000b71   Thumb Code   376  stm32f1xx_hal_i2c.o(i.HAL_I2C_Init)
    HAL_I2C_Mem_Read                         0x08000cf9   Thumb Code   586  stm32f1xx_hal_i2c.o(i.HAL_I2C_Mem_Read)
    HAL_I2C_Mem_Write                        0x08000f55   Thumb Code   294  stm32f1xx_hal_i2c.o(i.HAL_I2C_Mem_Write)
    HAL_I2C_MspInit                          0x08001085   Thumb Code    80  stm32f1xx_hal_msp.o(i.HAL_I2C_MspInit)
    HAL_IncTick                              0x080010e1   Thumb Code    12  stm32f1xx_hal.o(i.HAL_IncTick)
    HAL_Init                                 0x080010f1   Thumb Code    32  stm32f1xx_hal.o(i.HAL_Init)
    HAL_InitTick                             0x08001115   Thumb Code   132  stm32f1xx_hal_timebase_tim.o(i.HAL_InitTick)
    HAL_MspInit                              0x080011ad   Thumb Code    62  stm32f1xx_hal_msp.o(i.HAL_MspInit)
    HAL_NVIC_EnableIRQ                       0x080011f5   Thumb Code    26  stm32f1xx_hal_cortex.o(i.HAL_NVIC_EnableIRQ)
    HAL_NVIC_SetPriority                     0x08001211   Thumb Code    60  stm32f1xx_hal_cortex.o(i.HAL_NVIC_SetPriority)
    HAL_NVIC_SetPriorityGrouping             0x08001251   Thumb Code    26  stm32f1xx_hal_cortex.o(i.HAL_NVIC_SetPriorityGrouping)
    HAL_RCC_ClockConfig                      0x08001275   Thumb Code   280  stm32f1xx_hal_rcc.o(i.HAL_RCC_ClockConfig)
    HAL_RCC_GetClockConfig                   0x080013a1   Thumb Code    54  stm32f1xx_hal_rcc.o(i.HAL_RCC_GetClockConfig)
    HAL_RCC_GetPCLK1Freq                     0x080013e1   Thumb Code    20  stm32f1xx_hal_rcc.o(i.HAL_RCC_GetPCLK1Freq)
    HAL_RCC_GetSysClockFreq                  0x08001401   Thumb Code    58  stm32f1xx_hal_rcc.o(i.HAL_RCC_GetSysClockFreq)
    HAL_RCC_OscConfig                        0x0800144d   Thumb Code   778  stm32f1xx_hal_rcc.o(i.HAL_RCC_OscConfig)
    HAL_SPI_Init                             0x0800176d   Thumb Code   178  stm32f1xx_hal_spi.o(i.HAL_SPI_Init)
    HAL_SPI_MspInit                          0x08001821   Thumb Code    80  stm32f1xx_hal_msp.o(i.HAL_SPI_MspInit)
    HAL_TIMEx_BreakCallback                  0x0800187d   Thumb Code     2  stm32f1xx_hal_tim_ex.o(i.HAL_TIMEx_BreakCallback)
    HAL_TIMEx_CommutCallback                 0x0800187f   Thumb Code     2  stm32f1xx_hal_tim_ex.o(i.HAL_TIMEx_CommutCallback)
    HAL_TIMEx_MasterConfigSynchronization    0x08001881   Thumb Code    92  stm32f1xx_hal_tim_ex.o(i.HAL_TIMEx_MasterConfigSynchronization)
    HAL_TIM_Base_Init                        0x080018e9   Thumb Code    90  stm32f1xx_hal_tim.o(i.HAL_TIM_Base_Init)
    HAL_TIM_Base_MspInit                     0x08001945   Thumb Code    88  stm32f1xx_hal_msp.o(i.HAL_TIM_Base_MspInit)
    HAL_TIM_Base_Start                       0x080019a5   Thumb Code    66  stm32f1xx_hal_tim.o(i.HAL_TIM_Base_Start)
    HAL_TIM_Base_Start_IT                    0x080019f5   Thumb Code    76  stm32f1xx_hal_tim.o(i.HAL_TIM_Base_Start_IT)
    HAL_TIM_ConfigClockSource                0x08001a4d   Thumb Code   220  stm32f1xx_hal_tim.o(i.HAL_TIM_ConfigClockSource)
    HAL_TIM_IC_CaptureCallback               0x08001b29   Thumb Code     4  main.o(i.HAL_TIM_IC_CaptureCallback)
    HAL_TIM_IC_ConfigChannel                 0x08001b2d   Thumb Code   292  stm32f1xx_hal_tim.o(i.HAL_TIM_IC_ConfigChannel)
    HAL_TIM_IC_Init                          0x08001c51   Thumb Code    90  stm32f1xx_hal_tim.o(i.HAL_TIM_IC_Init)
    HAL_TIM_IC_MspInit                       0x08001cab   Thumb Code     2  stm32f1xx_hal_tim.o(i.HAL_TIM_IC_MspInit)
    HAL_TIM_IC_Start_IT                      0x08001cad   Thumb Code   216  stm32f1xx_hal_tim.o(i.HAL_TIM_IC_Start_IT)
    HAL_TIM_IC_Stop_IT                       0x08001d91   Thumb Code   146  stm32f1xx_hal_tim.o(i.HAL_TIM_IC_Stop_IT)
    HAL_TIM_IRQHandler                       0x08001e23   Thumb Code   304  stm32f1xx_hal_tim.o(i.HAL_TIM_IRQHandler)
    HAL_TIM_OC_DelayElapsedCallback          0x08001f53   Thumb Code     2  stm32f1xx_hal_tim.o(i.HAL_TIM_OC_DelayElapsedCallback)
    HAL_TIM_PWM_PulseFinishedCallback        0x08001f55   Thumb Code     2  stm32f1xx_hal_tim.o(i.HAL_TIM_PWM_PulseFinishedCallback)
    HAL_TIM_PeriodElapsedCallback            0x08001f59   Thumb Code    14  main.o(i.HAL_TIM_PeriodElapsedCallback)
    HAL_TIM_ReadCapturedValue                0x08001f6d   Thumb Code    42  stm32f1xx_hal_tim.o(i.HAL_TIM_ReadCapturedValue)
    HAL_TIM_TriggerCallback                  0x08001f97   Thumb Code     2  stm32f1xx_hal_tim.o(i.HAL_TIM_TriggerCallback)
    HardFault_Handler                        0x08001f99   Thumb Code     2  stm32f1xx_it.o(i.HardFault_Handler)
    MemManage_Handler                        0x08002525   Thumb Code     2  stm32f1xx_it.o(i.MemManage_Handler)
    NMI_Handler                              0x08002527   Thumb Code     2  stm32f1xx_it.o(i.NMI_Handler)
    Read_Calib                               0x08002529   Thumb Code   136  bmp180.o(i.Read_Calib)
    StartDisplayTask                         0x080025b9   Thumb Code     8  main.o(i.StartDisplayTask)
    StartHealthTask                          0x080025c1   Thumb Code     8  main.o(i.StartHealthTask)
    StartSensorTask                          0x080025c9   Thumb Code    74  main.o(i.StartSensorTask)
    SysTick_Handler                          0x08002615   Thumb Code    38  port.o(i.SysTick_Handler)
    SystemClock_Config                       0x08002641   Thumb Code    94  main.o(i.SystemClock_Config)
    SystemInit                               0x0800269f   Thumb Code     2  system_stm32f1xx.o(i.SystemInit)
    TIM2_IRQHandler                          0x080026a1   Thumb Code     6  stm32f1xx_it.o(i.TIM2_IRQHandler)
    TIM4_IRQHandler                          0x080026ad   Thumb Code     6  stm32f1xx_it.o(i.TIM4_IRQHandler)
    TIM_Base_SetConfig                       0x080026b9   Thumb Code   108  stm32f1xx_hal_tim.o(i.TIM_Base_SetConfig)
    TIM_CCxChannelCmd                        0x08002731   Thumb Code    26  stm32f1xx_hal_tim.o(i.TIM_CCxChannelCmd)
    TIM_ETR_SetConfig                        0x0800274b   Thumb Code    20  stm32f1xx_hal_tim.o(i.TIM_ETR_SetConfig)
    TIM_TI1_SetConfig                        0x08002791   Thumb Code    76  stm32f1xx_hal_tim.o(i.TIM_TI1_SetConfig)
    UsageFault_Handler                       0x08002843   Thumb Code     2  stm32f1xx_it.o(i.UsageFault_Handler)
    main                                     0x08002871   Thumb Code   146  main.o(i.main)
    osDelay                                  0x08002925   Thumb Code    14  cmsis_os.o(i.osDelay)
    osKernelStart                            0x08002933   Thumb Code    10  cmsis_os.o(i.osKernelStart)
    osMutexCreate                            0x0800293d   Thumb Code    16  cmsis_os.o(i.osMutexCreate)
    osSemaphoreCreate                        0x0800294d   Thumb Code    80  cmsis_os.o(i.osSemaphoreCreate)
    osSemaphoreRelease                       0x0800299d   Thumb Code    74  cmsis_os.o(i.osSemaphoreRelease)
    osSemaphoreWait                          0x080029ed   Thumb Code    96  cmsis_os.o(i.osSemaphoreWait)
    osThreadCreate                           0x08002a51   Thumb Code    84  cmsis_os.o(i.osThreadCreate)
    pvPortMalloc                             0x08003231   Thumb Code   216  heap_4.o(i.pvPortMalloc)
    pvTaskIncrementMutexHeldCount            0x0800330d   Thumb Code    18  tasks.o(i.pvTaskIncrementMutexHeldCount)
    pxPortInitialiseStack                    0x08003325   Thumb Code    32  port.o(i.pxPortInitialiseStack)
    uxListRemove                             0x08003349   Thumb Code    38  list.o(i.uxListRemove)
    vApplicationGetIdleTaskMemory            0x08003371   Thumb Code    16  freertos.o(i.vApplicationGetIdleTaskMemory)
    vApplicationGetTimerTaskMemory           0x08003385   Thumb Code    18  freertos.o(i.vApplicationGetTimerTaskMemory)
    vListInitialise                          0x0800339d   Thumb Code    22  list.o(i.vListInitialise)
    vListInitialiseItem                      0x080033b3   Thumb Code     6  list.o(i.vListInitialiseItem)
    vListInsert                              0x080033b9   Thumb Code    48  list.o(i.vListInsert)
    vListInsertEnd                           0x080033e9   Thumb Code    24  list.o(i.vListInsertEnd)
    vPortEnterCritical                       0x08003401   Thumb Code    54  port.o(i.vPortEnterCritical)
    vPortExitCritical                        0x08003441   Thumb Code    34  port.o(i.vPortExitCritical)
    vPortFree                                0x08003469   Thumb Code    94  heap_4.o(i.vPortFree)
    vPortSetupTimerInterrupt                 0x080034cd   Thumb Code    32  port.o(i.vPortSetupTimerInterrupt)
    vPortValidateInterruptPriority           0x080034f1   Thumb Code    74  port.o(i.vPortValidateInterruptPriority)
    vQueueAddToRegistry                      0x08003545   Thumb Code    34  queue.o(i.vQueueAddToRegistry)
    vQueueWaitForMessageRestricted           0x0800356d   Thumb Code    68  queue.o(i.vQueueWaitForMessageRestricted)
    vTaskDelay                               0x080035b1   Thumb Code    66  tasks.o(i.vTaskDelay)
    vTaskInternalSetTimeOutState             0x080035fd   Thumb Code    12  tasks.o(i.vTaskInternalSetTimeOutState)
    vTaskMissedYield                         0x0800360d   Thumb Code     8  tasks.o(i.vTaskMissedYield)
    vTaskPlaceOnEventList                    0x08003619   Thumb Code    44  tasks.o(i.vTaskPlaceOnEventList)
    vTaskPlaceOnEventListRestricted          0x08003649   Thumb Code    52  tasks.o(i.vTaskPlaceOnEventListRestricted)
    vTaskPriorityDisinheritAfterTimeout      0x08003681   Thumb Code   152  tasks.o(i.vTaskPriorityDisinheritAfterTimeout)
    vTaskStartScheduler                      0x08003721   Thumb Code   118  tasks.o(i.vTaskStartScheduler)
    vTaskSuspendAll                          0x080037a9   Thumb Code    10  tasks.o(i.vTaskSuspendAll)
    vTaskSwitchContext                       0x080037b9   Thumb Code    82  tasks.o(i.vTaskSwitchContext)
    xPortStartScheduler                      0x08003815   Thumb Code   154  port.o(i.xPortStartScheduler)
    xQueueCreateCountingSemaphore            0x080038bd   Thumb Code    58  queue.o(i.xQueueCreateCountingSemaphore)
    xQueueCreateCountingSemaphoreStatic      0x080038f7   Thumb Code    64  queue.o(i.xQueueCreateCountingSemaphoreStatic)
    xQueueCreateMutex                        0x08003937   Thumb Code    22  queue.o(i.xQueueCreateMutex)
    xQueueCreateMutexStatic                  0x0800394d   Thumb Code    26  queue.o(i.xQueueCreateMutexStatic)
    xQueueGenericCreate                      0x08003967   Thumb Code    66  queue.o(i.xQueueGenericCreate)
    xQueueGenericCreateStatic                0x080039a9   Thumb Code   102  queue.o(i.xQueueGenericCreateStatic)
    xQueueGenericReset                       0x08003a11   Thumb Code   132  queue.o(i.xQueueGenericReset)
    xQueueGenericSend                        0x08003a99   Thumb Code   346  queue.o(i.xQueueGenericSend)
    xQueueGenericSendFromISR                 0x08003bf9   Thumb Code   190  queue.o(i.xQueueGenericSendFromISR)
    xQueueGiveFromISR                        0x08003cb7   Thumb Code   156  queue.o(i.xQueueGiveFromISR)
    xQueueReceive                            0x08003d55   Thumb Code   308  queue.o(i.xQueueReceive)
    xQueueReceiveFromISR                     0x08003e8d   Thumb Code   154  queue.o(i.xQueueReceiveFromISR)
    xQueueSemaphoreTake                      0x08003f29   Thumb Code   372  queue.o(i.xQueueSemaphoreTake)
    xTaskCheckForTimeOut                     0x080040a1   Thumb Code   112  tasks.o(i.xTaskCheckForTimeOut)
    xTaskCreate                              0x08004115   Thumb Code    90  tasks.o(i.xTaskCreate)
    xTaskCreateStatic                        0x0800416f   Thumb Code    86  tasks.o(i.xTaskCreateStatic)
    xTaskGetSchedulerState                   0x080041c5   Thumb Code    22  tasks.o(i.xTaskGetSchedulerState)
    xTaskGetTickCount                        0x080041e1   Thumb Code     6  tasks.o(i.xTaskGetTickCount)
    xTaskIncrementTick                       0x080041ed   Thumb Code   194  tasks.o(i.xTaskIncrementTick)
    xTaskPriorityDisinherit                  0x080042b9   Thumb Code   144  tasks.o(i.xTaskPriorityDisinherit)
    xTaskPriorityInherit                     0x08004351   Thumb Code   130  tasks.o(i.xTaskPriorityInherit)
    xTaskRemoveFromEventList                 0x080043dd   Thumb Code   108  tasks.o(i.xTaskRemoveFromEventList)
    xTaskResumeAll                           0x08004451   Thumb Code   182  tasks.o(i.xTaskResumeAll)
    xTimerCreateTimerTask                    0x08004515   Thumb Code    78  timers.o(i.xTimerCreateTimerTask)
    xTimerGenericCommand                     0x08004575   Thumb Code    92  timers.o(i.xTimerGenericCommand)
    __aeabi_fadd                             0x080045d5   Thumb Code     0  faddsub_clz.o(x$fpl$fadd)
    _fadd                                    0x080045d5   Thumb Code   196  faddsub_clz.o(x$fpl$fadd)
    __aeabi_fdiv                             0x08004699   Thumb Code     0  fdiv.o(x$fpl$fdiv)
    _fdiv                                    0x08004699   Thumb Code   384  fdiv.o(x$fpl$fdiv)
    __aeabi_i2f                              0x0800481d   Thumb Code     0  fflt_clz.o(x$fpl$fflt)
    _fflt                                    0x0800481d   Thumb Code    48  fflt_clz.o(x$fpl$fflt)
    __aeabi_ui2f                             0x0800484d   Thumb Code     0  fflt_clz.o(x$fpl$ffltu)
    _ffltu                                   0x0800484d   Thumb Code    38  fflt_clz.o(x$fpl$ffltu)
    __fpl_fnaninf                            0x08004873   Thumb Code   140  fnaninf.o(x$fpl$fnaninf)
    __fpl_fretinf                            0x080048ff   Thumb Code    10  fretinf.o(x$fpl$fretinf)
    __aeabi_fsub                             0x08004909   Thumb Code     0  faddsub_clz.o(x$fpl$fsub)
    _fsub                                    0x08004909   Thumb Code   234  faddsub_clz.o(x$fpl$fsub)
    __I$use$fp                               0x080049f2   Number         0  usenofp.o(x$fpl$usenofp)
    AHBPrescTable                            0x08004a5a   Data          16  system_stm32f1xx.o(.constdata)
    APBPrescTable                            0x08004a6a   Data           8  system_stm32f1xx.o(.constdata)
    Region$$Table$$Base                      0x08004a98   Number         0  anon$$obj.o(Region$$Table)
    Region$$Table$$Limit                     0x08004ab8   Number         0  anon$$obj.o(Region$$Table)
    SensorTaskHandle                         0x20000000   Data           4  main.o(.data)
    HealthTaskHandle                         0x20000004   Data           4  main.o(.data)
    DisplayTaskHandle                        0x20000008   Data           4  main.o(.data)
    myMutex01Handle                          0x2000000c   Data           4  main.o(.data)
    uwTickFreq                               0x20000010   Data           1  stm32f1xx_hal.o(.data)
    uwTickPrio                               0x20000014   Data           4  stm32f1xx_hal.o(.data)
    uwTick                                   0x20000018   Data           4  stm32f1xx_hal.o(.data)
    SystemCoreClock                          0x2000001c   Data           4  system_stm32f1xx.o(.data)
    pxCurrentTCB                             0x20000020   Data           4  tasks.o(.data)
    hi2c1                                    0x200000bc   Data          84  main.o(.bss)
    hspi1                                    0x20000110   Data          88  main.o(.bss)
    htim2                                    0x20000168   Data          72  main.o(.bss)
    htim4                                    0x20000858   Data          72  stm32f1xx_hal_timebase_tim.o(.bss)
    xQueueRegistry                           0x200008a0   Data          64  queue.o(.bss)
    __libspace_start                         0x200016d0   Data          96  libspace.o(.bss)
    __temporary_stack_top$libspace           0x20001730   Data           0  libspace.o(.bss)



==============================================================================

Memory Map of the image

  Image Entry point : 0x080000ed

  Load Region LR_IROM1 (Base: 0x08000000, Size: 0x00004b74, Max: 0x00010000, ABSOLUTE)

    Execution Region ER_IROM1 (Exec base: 0x08000000, Load base: 0x08000000, Size: 0x00004ab8, Max: 0x00010000, ABSOLUTE)

    Exec Addr    Load Addr    Size         Type   Attr      Idx    E Section Name        Object

    0x08000000   0x08000000   0x000000ec   Data   RO            3    RESET               startup_stm32f103xb.o
    0x080000ec   0x080000ec   0x00000008   Code   RO         4919  * !!!main             c_w.l(__main.o)
    0x080000f4   0x080000f4   0x00000034   Code   RO         5099    !!!scatter          c_w.l(__scatter.o)
    0x08000128   0x08000128   0x0000001a   Code   RO         5101    !!handler_copy      c_w.l(__scatter_copy.o)
    0x08000142   0x08000142   0x00000002   PAD
    0x08000144   0x08000144   0x0000001c   Code   RO         5103    !!handler_zi        c_w.l(__scatter_zi.o)
    0x08000160   0x08000160   0x00000002   Code   RO         4969    .ARM.Collect$$libinit$$00000000  c_w.l(libinit.o)
    0x08000162   0x08000162   0x00000000   Code   RO         4976    .ARM.Collect$$libinit$$00000002  c_w.l(libinit2.o)
    0x08000162   0x08000162   0x00000000   Code   RO         4978    .ARM.Collect$$libinit$$00000004  c_w.l(libinit2.o)
    0x08000162   0x08000162   0x00000000   Code   RO         4981    .ARM.Collect$$libinit$$0000000A  c_w.l(libinit2.o)
    0x08000162   0x08000162   0x00000000   Code   RO         4983    .ARM.Collect$$libinit$$0000000C  c_w.l(libinit2.o)
    0x08000162   0x08000162   0x00000000   Code   RO         4985    .ARM.Collect$$libinit$$0000000E  c_w.l(libinit2.o)
    0x08000162   0x08000162   0x00000000   Code   RO         4988    .ARM.Collect$$libinit$$00000011  c_w.l(libinit2.o)
    0x08000162   0x08000162   0x00000000   Code   RO         4990    .ARM.Collect$$libinit$$00000013  c_w.l(libinit2.o)
    0x08000162   0x08000162   0x00000000   Code   RO         4992    .ARM.Collect$$libinit$$00000015  c_w.l(libinit2.o)
    0x08000162   0x08000162   0x00000000   Code   RO         4994    .ARM.Collect$$libinit$$00000017  c_w.l(libinit2.o)
    0x08000162   0x08000162   0x00000000   Code   RO         4996    .ARM.Collect$$libinit$$00000019  c_w.l(libinit2.o)
    0x08000162   0x08000162   0x00000000   Code   RO         4998    .ARM.Collect$$libinit$$0000001B  c_w.l(libinit2.o)
    0x08000162   0x08000162   0x00000000   Code   RO         5000    .ARM.Collect$$libinit$$0000001D  c_w.l(libinit2.o)
    0x08000162   0x08000162   0x00000000   Code   RO         5002    .ARM.Collect$$libinit$$0000001F  c_w.l(libinit2.o)
    0x08000162   0x08000162   0x00000000   Code   RO         5004    .ARM.Collect$$libinit$$00000021  c_w.l(libinit2.o)
    0x08000162   0x08000162   0x00000000   Code   RO         5006    .ARM.Collect$$libinit$$00000023  c_w.l(libinit2.o)
    0x08000162   0x08000162   0x00000000   Code   RO         5008    .ARM.Collect$$libinit$$00000025  c_w.l(libinit2.o)
    0x08000162   0x08000162   0x00000000   Code   RO         5012    .ARM.Collect$$libinit$$0000002C  c_w.l(libinit2.o)
    0x08000162   0x08000162   0x00000000   Code   RO         5014    .ARM.Collect$$libinit$$0000002E  c_w.l(libinit2.o)
    0x08000162   0x08000162   0x00000000   Code   RO         5016    .ARM.Collect$$libinit$$00000030  c_w.l(libinit2.o)
    0x08000162   0x08000162   0x00000000   Code   RO         5018    .ARM.Collect$$libinit$$00000032  c_w.l(libinit2.o)
    0x08000162   0x08000162   0x00000002   Code   RO         5019    .ARM.Collect$$libinit$$00000033  c_w.l(libinit2.o)
    0x08000164   0x08000164   0x00000002   Code   RO         5039    .ARM.Collect$$libshutdown$$00000000  c_w.l(libshutdown.o)
    0x08000166   0x08000166   0x00000000   Code   RO         5052    .ARM.Collect$$libshutdown$$00000002  c_w.l(libshutdown2.o)
    0x08000166   0x08000166   0x00000000   Code   RO         5054    .ARM.Collect$$libshutdown$$00000004  c_w.l(libshutdown2.o)
    0x08000166   0x08000166   0x00000000   Code   RO         5057    .ARM.Collect$$libshutdown$$00000007  c_w.l(libshutdown2.o)
    0x08000166   0x08000166   0x00000000   Code   RO         5060    .ARM.Collect$$libshutdown$$0000000A  c_w.l(libshutdown2.o)
    0x08000166   0x08000166   0x00000000   Code   RO         5062    .ARM.Collect$$libshutdown$$0000000C  c_w.l(libshutdown2.o)
    0x08000166   0x08000166   0x00000000   Code   RO         5065    .ARM.Collect$$libshutdown$$0000000F  c_w.l(libshutdown2.o)
    0x08000166   0x08000166   0x00000002   Code   RO         5066    .ARM.Collect$$libshutdown$$00000010  c_w.l(libshutdown2.o)
    0x08000168   0x08000168   0x00000000   Code   RO         4937    .ARM.Collect$$rtentry$$00000000  c_w.l(__rtentry.o)
    0x08000168   0x08000168   0x00000000   Code   RO         4946    .ARM.Collect$$rtentry$$00000002  c_w.l(__rtentry2.o)
    0x08000168   0x08000168   0x00000006   Code   RO         4958    .ARM.Collect$$rtentry$$00000004  c_w.l(__rtentry4.o)
    0x0800016e   0x0800016e   0x00000000   Code   RO         4948    .ARM.Collect$$rtentry$$00000009  c_w.l(__rtentry2.o)
    0x0800016e   0x0800016e   0x00000004   Code   RO         4949    .ARM.Collect$$rtentry$$0000000A  c_w.l(__rtentry2.o)
    0x08000172   0x08000172   0x00000000   Code   RO         4951    .ARM.Collect$$rtentry$$0000000C  c_w.l(__rtentry2.o)
    0x08000172   0x08000172   0x00000008   Code   RO         4952    .ARM.Collect$$rtentry$$0000000D  c_w.l(__rtentry2.o)
    0x0800017a   0x0800017a   0x00000002   Code   RO         4973    .ARM.Collect$$rtexit$$00000000  c_w.l(rtexit.o)
    0x0800017c   0x0800017c   0x00000000   Code   RO         5021    .ARM.Collect$$rtexit$$00000002  c_w.l(rtexit2.o)
    0x0800017c   0x0800017c   0x00000004   Code   RO         5022    .ARM.Collect$$rtexit$$00000003  c_w.l(rtexit2.o)
    0x08000180   0x08000180   0x00000006   Code   RO         5023    .ARM.Collect$$rtexit$$00000004  c_w.l(rtexit2.o)
    0x08000186   0x08000186   0x00000002   PAD
    0x08000188   0x08000188   0x00000096   Code   RO         4606    .emb_text           port.o
    0x0800021e   0x0800021e   0x00000002   PAD
    0x08000220   0x08000220   0x00000040   Code   RO            4    .text               startup_stm32f103xb.o
    0x08000260   0x08000260   0x0000008a   Code   RO         4909    .text               c_w.l(rt_memcpy_v6.o)
    0x080002ea   0x080002ea   0x00000064   Code   RO         4911    .text               c_w.l(rt_memcpy_w.o)
    0x0800034e   0x0800034e   0x0000004e   Code   RO         4915    .text               c_w.l(rt_memclr_w.o)
    0x0800039c   0x0800039c   0x00000006   Code   RO         4917    .text               c_w.l(heapauxi.o)
    0x080003a2   0x080003a2   0x0000004a   Code   RO         4960    .text               c_w.l(sys_stackheap_outer.o)
    0x080003ec   0x080003ec   0x00000012   Code   RO         4962    .text               c_w.l(exit.o)
    0x080003fe   0x080003fe   0x00000002   PAD
    0x08000400   0x08000400   0x00000008   Code   RO         4970    .text               c_w.l(libspace.o)
    0x08000408   0x08000408   0x0000000c   Code   RO         5031    .text               c_w.l(sys_exit.o)
    0x08000414   0x08000414   0x00000002   Code   RO         5042    .text               c_w.l(use_no_semi.o)
    0x08000416   0x08000416   0x00000000   Code   RO         5044    .text               c_w.l(indicate_semi.o)
    0x08000416   0x08000416   0x00000002   PAD
    0x08000418   0x08000418   0x00000094   Code   RO         4686    i.BMP180_CompensatePressure  bmp180.o
    0x080004ac   0x080004ac   0x00000088   Code   RO         4687    i.BMP180_GetData    bmp180.o
    0x08000534   0x08000534   0x00000050   Code   RO         4688    i.BMP180_Init       bmp180.o
    0x08000584   0x08000584   0x00000078   Code   RO         4689    i.BMP180_ReadRawPressure  bmp180.o
    0x080005fc   0x080005fc   0x00000064   Code   RO         4690    i.BMP180_ReadRawTemperature  bmp180.o
    0x08000660   0x08000660   0x00000002   Code   RO          289    i.BusFault_Handler  stm32f1xx_it.o
    0x08000662   0x08000662   0x00000002   PAD
    0x08000664   0x08000664   0x000000a0   Code   RO         4836    i.DHT11_GetData     dht11.o
    0x08000704   0x08000704   0x0000004c   Code   RO         4837    i.DHT11_Init        dht11.o
    0x08000750   0x08000750   0x00000044   Code   RO         4838    i.DHT11_ResetState  dht11.o
    0x08000794   0x08000794   0x0000001c   Code   RO         4839    i.DHT11_SetCapturePolarity  dht11.o
    0x080007b0   0x080007b0   0x00000020   Code   RO         4840    i.DHT11_SetOutput   dht11.o
    0x080007d0   0x080007d0   0x00000070   Code   RO         4841    i.DHT11_StartCommunication  dht11.o
    0x08000840   0x08000840   0x00000054   Code   RO         4842    i.DHT11_StoreBit    dht11.o
    0x08000894   0x08000894   0x00000078   Code   RO         4843    i.DHT11_TIM_IC_Callback  dht11.o
    0x0800090c   0x0800090c   0x00000044   Code   RO         4844    i.DHT11_TryAcquire  dht11.o
    0x08000950   0x08000950   0x00000002   Code   RO          290    i.DebugMon_Handler  stm32f1xx_it.o
    0x08000952   0x08000952   0x00000002   PAD
    0x08000954   0x08000954   0x00000024   Code   RO         1474    i.HAL_Delay         stm32f1xx_hal.o
    0x08000978   0x08000978   0x000001e0   Code   RO         1784    i.HAL_GPIO_Init     stm32f1xx_hal_gpio.o
    0x08000b58   0x08000b58   0x0000000a   Code   RO         1788    i.HAL_GPIO_WritePin  stm32f1xx_hal_gpio.o
    0x08000b62   0x08000b62   0x00000002   PAD
    0x08000b64   0x08000b64   0x0000000c   Code   RO         1478    i.HAL_GetTick       stm32f1xx_hal.o
    0x08000b70   0x08000b70   0x00000188   Code   RO         2455    i.HAL_I2C_Init      stm32f1xx_hal_i2c.o
    0x08000cf8   0x08000cf8   0x0000025c   Code   RO         2473    i.HAL_I2C_Mem_Read  stm32f1xx_hal_i2c.o
    0x08000f54   0x08000f54   0x00000130   Code   RO         2476    i.HAL_I2C_Mem_Write  stm32f1xx_hal_i2c.o
    0x08001084   0x08001084   0x0000005c   Code   RO          360    i.HAL_I2C_MspInit   stm32f1xx_hal_msp.o
    0x080010e0   0x080010e0   0x00000010   Code   RO         1484    i.HAL_IncTick       stm32f1xx_hal.o
    0x080010f0   0x080010f0   0x00000024   Code   RO         1485    i.HAL_Init          stm32f1xx_hal.o
    0x08001114   0x08001114   0x00000098   Code   RO          419    i.HAL_InitTick      stm32f1xx_hal_timebase_tim.o
    0x080011ac   0x080011ac   0x00000048   Code   RO          361    i.HAL_MspInit       stm32f1xx_hal_msp.o
    0x080011f4   0x080011f4   0x0000001a   Code   RO         1944    i.HAL_NVIC_EnableIRQ  stm32f1xx_hal_cortex.o
    0x0800120e   0x0800120e   0x00000002   PAD
    0x08001210   0x08001210   0x00000040   Code   RO         1950    i.HAL_NVIC_SetPriority  stm32f1xx_hal_cortex.o
    0x08001250   0x08001250   0x00000024   Code   RO         1951    i.HAL_NVIC_SetPriorityGrouping  stm32f1xx_hal_cortex.o
    0x08001274   0x08001274   0x0000012c   Code   RO         1642    i.HAL_RCC_ClockConfig  stm32f1xx_hal_rcc.o
    0x080013a0   0x080013a0   0x00000040   Code   RO         1646    i.HAL_RCC_GetClockConfig  stm32f1xx_hal_rcc.o
    0x080013e0   0x080013e0   0x00000020   Code   RO         1649    i.HAL_RCC_GetPCLK1Freq  stm32f1xx_hal_rcc.o
    0x08001400   0x08001400   0x0000004c   Code   RO         1651    i.HAL_RCC_GetSysClockFreq  stm32f1xx_hal_rcc.o
    0x0800144c   0x0800144c   0x00000320   Code   RO         1654    i.HAL_RCC_OscConfig  stm32f1xx_hal_rcc.o
    0x0800176c   0x0800176c   0x000000b2   Code   RO         2892    i.HAL_SPI_Init      stm32f1xx_hal_spi.o
    0x0800181e   0x0800181e   0x00000002   PAD
    0x08001820   0x08001820   0x0000005c   Code   RO          363    i.HAL_SPI_MspInit   stm32f1xx_hal_msp.o
    0x0800187c   0x0800187c   0x00000002   Code   RO         1200    i.HAL_TIMEx_BreakCallback  stm32f1xx_hal_tim_ex.o
    0x0800187e   0x0800187e   0x00000002   Code   RO         1201    i.HAL_TIMEx_CommutCallback  stm32f1xx_hal_tim_ex.o
    0x08001880   0x08001880   0x00000068   Code   RO         1219    i.HAL_TIMEx_MasterConfigSynchronization  stm32f1xx_hal_tim_ex.o
    0x080018e8   0x080018e8   0x0000005a   Code   RO          496    i.HAL_TIM_Base_Init  stm32f1xx_hal_tim.o
    0x08001942   0x08001942   0x00000002   PAD
    0x08001944   0x08001944   0x00000060   Code   RO          365    i.HAL_TIM_Base_MspInit  stm32f1xx_hal_msp.o
    0x080019a4   0x080019a4   0x00000050   Code   RO          499    i.HAL_TIM_Base_Start  stm32f1xx_hal_tim.o
    0x080019f4   0x080019f4   0x00000058   Code   RO          501    i.HAL_TIM_Base_Start_IT  stm32f1xx_hal_tim.o
    0x08001a4c   0x08001a4c   0x000000dc   Code   RO          505    i.HAL_TIM_ConfigClockSource  stm32f1xx_hal_tim.o
    0x08001b28   0x08001b28   0x00000004   Code   RO           14    i.HAL_TIM_IC_CaptureCallback  main.o
    0x08001b2c   0x08001b2c   0x00000124   Code   RO          532    i.HAL_TIM_IC_ConfigChannel  stm32f1xx_hal_tim.o
    0x08001c50   0x08001c50   0x0000005a   Code   RO          535    i.HAL_TIM_IC_Init   stm32f1xx_hal_tim.o
    0x08001caa   0x08001caa   0x00000002   Code   RO          537    i.HAL_TIM_IC_MspInit  stm32f1xx_hal_tim.o
    0x08001cac   0x08001cac   0x000000e4   Code   RO          540    i.HAL_TIM_IC_Start_IT  stm32f1xx_hal_tim.o
    0x08001d90   0x08001d90   0x00000092   Code   RO          543    i.HAL_TIM_IC_Stop_IT  stm32f1xx_hal_tim.o
    0x08001e22   0x08001e22   0x00000130   Code   RO          544    i.HAL_TIM_IRQHandler  stm32f1xx_hal_tim.o
    0x08001f52   0x08001f52   0x00000002   Code   RO          547    i.HAL_TIM_OC_DelayElapsedCallback  stm32f1xx_hal_tim.o
    0x08001f54   0x08001f54   0x00000002   Code   RO          574    i.HAL_TIM_PWM_PulseFinishedCallback  stm32f1xx_hal_tim.o
    0x08001f56   0x08001f56   0x00000002   PAD
    0x08001f58   0x08001f58   0x00000014   Code   RO           15    i.HAL_TIM_PeriodElapsedCallback  main.o
    0x08001f6c   0x08001f6c   0x0000002a   Code   RO          584    i.HAL_TIM_ReadCapturedValue  stm32f1xx_hal_tim.o
    0x08001f96   0x08001f96   0x00000002   Code   RO          587    i.HAL_TIM_TriggerCallback  stm32f1xx_hal_tim.o
    0x08001f98   0x08001f98   0x00000002   Code   RO          291    i.HardFault_Handler  stm32f1xx_it.o
    0x08001f9a   0x08001f9a   0x0000002e   Code   RO         2498    i.I2C_IsAcknowledgeFailed  stm32f1xx_hal_i2c.o
    0x08001fc8   0x08001fc8   0x000000fc   Code   RO         2508    i.I2C_RequestMemoryRead  stm32f1xx_hal_i2c.o
    0x080020c4   0x080020c4   0x000000a8   Code   RO         2509    i.I2C_RequestMemoryWrite  stm32f1xx_hal_i2c.o
    0x0800216c   0x0800216c   0x00000056   Code   RO         2513    i.I2C_WaitOnBTFFlagUntilTimeout  stm32f1xx_hal_i2c.o
    0x080021c2   0x080021c2   0x00000002   PAD
    0x080021c4   0x080021c4   0x00000090   Code   RO         2514    i.I2C_WaitOnFlagUntilTimeout  stm32f1xx_hal_i2c.o
    0x08002254   0x08002254   0x000000bc   Code   RO         2515    i.I2C_WaitOnMasterAddressFlagUntilTimeout  stm32f1xx_hal_i2c.o
    0x08002310   0x08002310   0x00000070   Code   RO         2516    i.I2C_WaitOnRXNEFlagUntilTimeout  stm32f1xx_hal_i2c.o
    0x08002380   0x08002380   0x00000056   Code   RO         2517    i.I2C_WaitOnTXEFlagUntilTimeout  stm32f1xx_hal_i2c.o
    0x080023d6   0x080023d6   0x00000002   PAD
    0x080023d8   0x080023d8   0x00000070   Code   RO           16    i.MX_GPIO_Init      main.o
    0x08002448   0x08002448   0x00000048   Code   RO           17    i.MX_SPI1_Init      main.o
    0x08002490   0x08002490   0x00000094   Code   RO           18    i.MX_TIM2_Init      main.o
    0x08002524   0x08002524   0x00000002   Code   RO          292    i.MemManage_Handler  stm32f1xx_it.o
    0x08002526   0x08002526   0x00000002   Code   RO          293    i.NMI_Handler       stm32f1xx_it.o
    0x08002528   0x08002528   0x00000090   Code   RO         4691    i.Read_Calib        bmp180.o
    0x080025b8   0x080025b8   0x00000008   Code   RO           19    i.StartDisplayTask  main.o
    0x080025c0   0x080025c0   0x00000008   Code   RO           20    i.StartHealthTask   main.o
    0x080025c8   0x080025c8   0x0000004a   Code   RO           21    i.StartSensorTask   main.o
    0x08002612   0x08002612   0x00000002   PAD
    0x08002614   0x08002614   0x0000002c   Code   RO         4607    i.SysTick_Handler   port.o
    0x08002640   0x08002640   0x0000005e   Code   RO           22    i.SystemClock_Config  main.o
    0x0800269e   0x0800269e   0x00000002   Code   RO         3204    i.SystemInit        system_stm32f1xx.o
    0x080026a0   0x080026a0   0x0000000c   Code   RO          294    i.TIM2_IRQHandler   stm32f1xx_it.o
    0x080026ac   0x080026ac   0x0000000c   Code   RO          295    i.TIM4_IRQHandler   stm32f1xx_it.o
    0x080026b8   0x080026b8   0x00000078   Code   RO          589    i.TIM_Base_SetConfig  stm32f1xx_hal_tim.o
    0x08002730   0x08002730   0x0000001a   Code   RO          590    i.TIM_CCxChannelCmd  stm32f1xx_hal_tim.o
    0x0800274a   0x0800274a   0x00000014   Code   RO          600    i.TIM_ETR_SetConfig  stm32f1xx_hal_tim.o
    0x0800275e   0x0800275e   0x00000010   Code   RO          601    i.TIM_ITRx_SetConfig  stm32f1xx_hal_tim.o
    0x0800276e   0x0800276e   0x00000022   Code   RO          607    i.TIM_TI1_ConfigInputStage  stm32f1xx_hal_tim.o
    0x08002790   0x08002790   0x00000058   Code   RO          608    i.TIM_TI1_SetConfig  stm32f1xx_hal_tim.o
    0x080027e8   0x080027e8   0x00000024   Code   RO          609    i.TIM_TI2_ConfigInputStage  stm32f1xx_hal_tim.o
    0x0800280c   0x0800280c   0x00000036   Code   RO          610    i.TIM_TI2_SetConfig  stm32f1xx_hal_tim.o
    0x08002842   0x08002842   0x00000002   Code   RO          296    i.UsageFault_Handler  stm32f1xx_it.o
    0x08002844   0x08002844   0x00000020   Code   RO         1957    i.__NVIC_SetPriority  stm32f1xx_hal_cortex.o
    0x08002864   0x08002864   0x0000000c   Code   RO         4182    i.inHandlerMode     cmsis_os.o
    0x08002870   0x08002870   0x000000a8   Code   RO           23    i.main              main.o
    0x08002918   0x08002918   0x0000000c   Code   RO         4184    i.makeFreeRtosPriority  cmsis_os.o
    0x08002924   0x08002924   0x0000000e   Code   RO         4186    i.osDelay           cmsis_os.o
    0x08002932   0x08002932   0x0000000a   Code   RO         4189    i.osKernelStart     cmsis_os.o
    0x0800293c   0x0800293c   0x00000010   Code   RO         4204    i.osMutexCreate     cmsis_os.o
    0x0800294c   0x0800294c   0x00000050   Code   RO         4215    i.osSemaphoreCreate  cmsis_os.o
    0x0800299c   0x0800299c   0x00000050   Code   RO         4218    i.osSemaphoreRelease  cmsis_os.o
    0x080029ec   0x080029ec   0x00000064   Code   RO         4219    i.osSemaphoreWait   cmsis_os.o
    0x08002a50   0x08002a50   0x00000054   Code   RO         4223    i.osThreadCreate    cmsis_os.o
    0x08002aa4   0x08002aa4   0x00000070   Code   RO         3724    i.prvAddCurrentTaskToDelayedList  tasks.o
    0x08002b14   0x08002b14   0x000000d0   Code   RO         3725    i.prvAddNewTaskToReadyList  tasks.o
    0x08002be4   0x08002be4   0x00000058   Code   RO         4038    i.prvCheckForValidListAndQueue  timers.o
    0x08002c3c   0x08002c3c   0x00000026   Code   RO         3382    i.prvCopyDataFromQueue  queue.o
    0x08002c62   0x08002c62   0x0000006c   Code   RO         3383    i.prvCopyDataToQueue  queue.o
    0x08002cce   0x08002cce   0x00000034   Code   RO         3726    i.prvDeleteTCB      tasks.o
    0x08002d02   0x08002d02   0x00000002   PAD
    0x08002d04   0x08002d04   0x0000004c   Code   RO         4551    i.prvHeapInit       heap_4.o
    0x08002d50   0x08002d50   0x00000060   Code   RO         3727    i.prvIdleTask       tasks.o
    0x08002db0   0x08002db0   0x00000016   Code   RO         3384    i.prvInitialiseMutex  queue.o
    0x08002dc6   0x08002dc6   0x00000016   Code   RO         3385    i.prvInitialiseNewQueue  queue.o
    0x08002ddc   0x08002ddc   0x00000098   Code   RO         3728    i.prvInitialiseNewTask  tasks.o
    0x08002e74   0x08002e74   0x0000004c   Code   RO         4552    i.prvInsertBlockIntoFreeList  heap_4.o
    0x08002ec0   0x08002ec0   0x00000038   Code   RO         4040    i.prvInsertTimerInActiveList  timers.o
    0x08002ef8   0x08002ef8   0x0000001c   Code   RO         3386    i.prvIsQueueEmpty   queue.o
    0x08002f14   0x08002f14   0x000000f0   Code   RO         4041    i.prvProcessReceivedCommands  timers.o
    0x08003004   0x08003004   0x000000c0   Code   RO         4042    i.prvProcessTimerOrBlockTask  timers.o
    0x080030c4   0x080030c4   0x00000020   Code   RO         3729    i.prvResetNextTaskUnblockTime  tasks.o
    0x080030e4   0x080030e4   0x00000028   Code   RO         4043    i.prvSampleTimeNow  timers.o
    0x0800310c   0x0800310c   0x0000006c   Code   RO         4044    i.prvSwitchTimerLists  timers.o
    0x08003178   0x08003178   0x00000028   Code   RO         4608    i.prvTaskExitError  port.o
    0x080031a0   0x080031a0   0x00000024   Code   RO         4045    i.prvTimerTask      timers.o
    0x080031c4   0x080031c4   0x0000006a   Code   RO         3387    i.prvUnlockQueue    queue.o
    0x0800322e   0x0800322e   0x00000002   PAD
    0x08003230   0x08003230   0x000000dc   Code   RO         4553    i.pvPortMalloc      heap_4.o
    0x0800330c   0x0800330c   0x00000018   Code   RO         3731    i.pvTaskIncrementMutexHeldCount  tasks.o
    0x08003324   0x08003324   0x00000024   Code   RO         4609    i.pxPortInitialiseStack  port.o
    0x08003348   0x08003348   0x00000026   Code   RO         3342    i.uxListRemove      list.o
    0x0800336e   0x0800336e   0x00000002   PAD
    0x08003370   0x08003370   0x00000014   Code   RO          249    i.vApplicationGetIdleTaskMemory  freertos.o
    0x08003384   0x08003384   0x00000018   Code   RO          250    i.vApplicationGetTimerTaskMemory  freertos.o
    0x0800339c   0x0800339c   0x00000016   Code   RO         3343    i.vListInitialise   list.o
    0x080033b2   0x080033b2   0x00000006   Code   RO         3344    i.vListInitialiseItem  list.o
    0x080033b8   0x080033b8   0x00000030   Code   RO         3345    i.vListInsert       list.o
    0x080033e8   0x080033e8   0x00000018   Code   RO         3346    i.vListInsertEnd    list.o
    0x08003400   0x08003400   0x00000040   Code   RO         4611    i.vPortEnterCritical  port.o
    0x08003440   0x08003440   0x00000028   Code   RO         4612    i.vPortExitCritical  port.o
    0x08003468   0x08003468   0x00000064   Code   RO         4554    i.vPortFree         heap_4.o
    0x080034cc   0x080034cc   0x00000024   Code   RO         4613    i.vPortSetupTimerInterrupt  port.o
    0x080034f0   0x080034f0   0x00000054   Code   RO         4614    i.vPortValidateInterruptPriority  port.o
    0x08003544   0x08003544   0x00000028   Code   RO         3391    i.vQueueAddToRegistry  queue.o
    0x0800356c   0x0800356c   0x00000044   Code   RO         3394    i.vQueueWaitForMessageRestricted  queue.o
    0x080035b0   0x080035b0   0x0000004c   Code   RO         3738    i.vTaskDelay        tasks.o
    0x080035fc   0x080035fc   0x00000010   Code   RO         3741    i.vTaskInternalSetTimeOutState  tasks.o
    0x0800360c   0x0800360c   0x0000000c   Code   RO         3742    i.vTaskMissedYield  tasks.o
    0x08003618   0x08003618   0x00000030   Code   RO         3744    i.vTaskPlaceOnEventList  tasks.o
    0x08003648   0x08003648   0x00000038   Code   RO         3745    i.vTaskPlaceOnEventListRestricted  tasks.o
    0x08003680   0x08003680   0x000000a0   Code   RO         3747    i.vTaskPriorityDisinheritAfterTimeout  tasks.o
    0x08003720   0x08003720   0x00000088   Code   RO         3752    i.vTaskStartScheduler  tasks.o
    0x080037a8   0x080037a8   0x00000010   Code   RO         3754    i.vTaskSuspendAll   tasks.o
    0x080037b8   0x080037b8   0x0000005c   Code   RO         3755    i.vTaskSwitchContext  tasks.o
    0x08003814   0x08003814   0x000000a8   Code   RO         4615    i.xPortStartScheduler  port.o
    0x080038bc   0x080038bc   0x0000003a   Code   RO         3395    i.xQueueCreateCountingSemaphore  queue.o
    0x080038f6   0x080038f6   0x00000040   Code   RO         3396    i.xQueueCreateCountingSemaphoreStatic  queue.o
    0x08003936   0x08003936   0x00000016   Code   RO         3397    i.xQueueCreateMutex  queue.o
    0x0800394c   0x0800394c   0x0000001a   Code   RO         3398    i.xQueueCreateMutexStatic  queue.o
    0x08003966   0x08003966   0x00000042   Code   RO         3399    i.xQueueGenericCreate  queue.o
    0x080039a8   0x080039a8   0x00000066   Code   RO         3400    i.xQueueGenericCreateStatic  queue.o
    0x08003a0e   0x08003a0e   0x00000002   PAD
    0x08003a10   0x08003a10   0x00000088   Code   RO         3401    i.xQueueGenericReset  queue.o
    0x08003a98   0x08003a98   0x00000160   Code   RO         3402    i.xQueueGenericSend  queue.o
    0x08003bf8   0x08003bf8   0x000000be   Code   RO         3403    i.xQueueGenericSendFromISR  queue.o
    0x08003cb6   0x08003cb6   0x0000009c   Code   RO         3404    i.xQueueGiveFromISR  queue.o
    0x08003d52   0x08003d52   0x00000002   PAD
    0x08003d54   0x08003d54   0x00000138   Code   RO         3409    i.xQueueReceive     queue.o
    0x08003e8c   0x08003e8c   0x0000009a   Code   RO         3410    i.xQueueReceiveFromISR  queue.o
    0x08003f26   0x08003f26   0x00000002   PAD
    0x08003f28   0x08003f28   0x00000178   Code   RO         3411    i.xQueueSemaphoreTake  queue.o
    0x080040a0   0x080040a0   0x00000074   Code   RO         3757    i.xTaskCheckForTimeOut  tasks.o
    0x08004114   0x08004114   0x0000005a   Code   RO         3758    i.xTaskCreate       tasks.o
    0x0800416e   0x0800416e   0x00000056   Code   RO         3759    i.xTaskCreateStatic  tasks.o
    0x080041c4   0x080041c4   0x0000001c   Code   RO         3763    i.xTaskGetSchedulerState  tasks.o
    0x080041e0   0x080041e0   0x0000000c   Code   RO         3764    i.xTaskGetTickCount  tasks.o
    0x080041ec   0x080041ec   0x000000cc   Code   RO         3766    i.xTaskIncrementTick  tasks.o
    0x080042b8   0x080042b8   0x00000098   Code   RO         3769    i.xTaskPriorityDisinherit  tasks.o
    0x08004350   0x08004350   0x0000008c   Code   RO         3770    i.xTaskPriorityInherit  tasks.o
    0x080043dc   0x080043dc   0x00000074   Code   RO         3771    i.xTaskRemoveFromEventList  tasks.o
    0x08004450   0x08004450   0x000000c4   Code   RO         3772    i.xTaskResumeAll    tasks.o
    0x08004514   0x08004514   0x00000060   Code   RO         4052    i.xTimerCreateTimerTask  timers.o
    0x08004574   0x08004574   0x00000060   Code   RO         4053    i.xTimerGenericCommand  timers.o
    0x080045d4   0x080045d4   0x000000c4   Code   RO         4921    x$fpl$fadd          fz_ws.l(faddsub_clz.o)
    0x08004698   0x08004698   0x00000184   Code   RO         4928    x$fpl$fdiv          fz_ws.l(fdiv.o)
    0x0800481c   0x0800481c   0x00000030   Code   RO         4932    x$fpl$fflt          fz_ws.l(fflt_clz.o)
    0x0800484c   0x0800484c   0x00000026   Code   RO         4931    x$fpl$ffltu         fz_ws.l(fflt_clz.o)
    0x08004872   0x08004872   0x0000008c   Code   RO         4940    x$fpl$fnaninf       fz_ws.l(fnaninf.o)
    0x080048fe   0x080048fe   0x0000000a   Code   RO         4942    x$fpl$fretinf       fz_ws.l(fretinf.o)
    0x08004908   0x08004908   0x000000ea   Code   RO         4923    x$fpl$fsub          fz_ws.l(faddsub_clz.o)
    0x080049f2   0x080049f2   0x00000000   Code   RO         4944    x$fpl$usenofp       fz_ws.l(usenofp.o)
    0x080049f2   0x080049f2   0x00000002   PAD
    0x080049f4   0x080049f4   0x00000054   Data   RO           25    .constdata          main.o
    0x08004a48   0x08004a48   0x00000012   Data   RO         1655    .constdata          stm32f1xx_hal_rcc.o
    0x08004a5a   0x08004a5a   0x00000010   Data   RO         3205    .constdata          system_stm32f1xx.o
    0x08004a6a   0x08004a6a   0x00000008   Data   RO         3206    .constdata          system_stm32f1xx.o
    0x08004a72   0x08004a72   0x00000002   PAD
    0x08004a74   0x08004a74   0x00000024   Data   RO           26    .conststring        main.o
    0x08004a98   0x08004a98   0x00000020   Data   RO         5097    Region$$Table       anon$$obj.o


    Execution Region RW_IRAM1 (Exec base: 0x20000000, Load base: 0x08004ab8, Size: 0x00001d30, Max: 0x00005000, ABSOLUTE)

    Exec Addr    Load Addr    Size         Type   Attr      Idx    E Section Name        Object

    0x20000000   0x08004ab8   0x00000010   Data   RW           27    .data               main.o
    0x20000010   0x08004ac8   0x0000000c   Data   RW         1492    .data               stm32f1xx_hal.o
    0x2000001c   0x08004ad4   0x00000004   Data   RW         3207    .data               system_stm32f1xx.o
    0x20000020   0x08004ad8   0x0000003c   Data   RW         3775    .data               tasks.o
    0x2000005c   0x08004b14   0x00000014   Data   RW         4059    .data               timers.o
    0x20000070   0x08004b28   0x00000020   Data   RW         4560    .data               heap_4.o
    0x20000090   0x08004b48   0x0000000c   Data   RW         4616    .data               port.o
    0x2000009c   0x08004b54   0x00000001   Data   RW         4693    .data               bmp180.o
    0x2000009d   0x08004b55   0x00000003   PAD
    0x200000a0   0x08004b58   0x00000019   Data   RW         4845    .data               dht11.o
    0x200000b9   0x08004b71   0x00000003   PAD
    0x200000bc        -       0x000000f4   Zero   RW           24    .bss                main.o
    0x200001b0        -       0x000006a8   Zero   RW          251    .bss                freertos.o
    0x20000858        -       0x00000048   Zero   RW          422    .bss                stm32f1xx_hal_timebase_tim.o
    0x200008a0        -       0x00000040   Zero   RW         3412    .bss                queue.o
    0x200008e0        -       0x000000f0   Zero   RW         3774    .bss                tasks.o
    0x200009d0        -       0x000000e8   Zero   RW         4058    .bss                timers.o
    0x20000ab8        -       0x00000c00   Zero   RW         4559    .bss                heap_4.o
    0x200016b8        -       0x00000016   Zero   RW         4692    .bss                bmp180.o
    0x200016ce   0x08004b71   0x00000002   PAD
    0x200016d0        -       0x00000060   Zero   RW         4971    .bss                c_w.l(libspace.o)
    0x20001730        -       0x00000200   Zero   RW            2    HEAP                startup_stm32f103xb.o
    0x20001930        -       0x00000400   Zero   RW            1    STACK               startup_stm32f103xb.o


==============================================================================

Image component sizes


      Code (inc. data)   RO Data    RW Data    ZI Data      Debug   Object Name

       728         52          0          1         22       5156   bmp180.o
       408         10          0          0          0      30264   cmsis_os.o
       748         80          0         25          0      10957   dht11.o
         0          0          0          0          0      19984   event_groups.o
        44         10          0          0       1704       1913   freertos.o
       472         24          0         32       3072       4747   heap_4.o
       138          0          0          0          0       3378   list.o
       708         52        120         16        244     472012   main.o
       662         70          0         12          0      11033   port.o
      2446         24          0          0         64      26127   queue.o
        64         26        236          0       1536        808   startup_stm32f103xb.o
       100         18          0         12          0       5222   stm32f1xx_hal.o
       158         14          0          0          0      28170   stm32f1xx_hal_cortex.o
       490         34          0          0          0       2880   stm32f1xx_hal_gpio.o
      2382         56          0          0          0      12982   stm32f1xx_hal_i2c.o
       352         42          0          0          0       2893   stm32f1xx_hal_msp.o
      1272         82         18          0          0       5154   stm32f1xx_hal_rcc.o
       178          0          0          0          0       1151   stm32f1xx_hal_spi.o
      1982         62          0          0          0      16914   stm32f1xx_hal_tim.o
       108         12          0          0          0       2389   stm32f1xx_hal_tim_ex.o
       152         20          0          0         72       1467   stm32f1xx_hal_timebase_tim.o
        36         12          0          0          0       3425   stm32f1xx_it.o
         0          0          0          0          0        392   stream_buffer.o
         2          0         24          4          0       1107   system_stm32f1xx.o
      2428        184          0         60        240      28413   tasks.o
       952         80          0         20        232      29711   timers.o

    ----------------------------------------------------------------------
     17044        964        432        188       7188     728649   Object Totals
         0          0         32          0          0          0   (incl. Generated)
        34          0          2          6          2          0   (incl. Padding)

    ----------------------------------------------------------------------

      Code (inc. data)   RO Data    RW Data    ZI Data      Debug   Library Member Name

         8          0          0          0          0         68   __main.o
         0          0          0          0          0          0   __rtentry.o
        12          0          0          0          0          0   __rtentry2.o
         6          0          0          0          0          0   __rtentry4.o
        52          8          0          0          0          0   __scatter.o
        26          0          0          0          0          0   __scatter_copy.o
        28          0          0          0          0          0   __scatter_zi.o
        18          0          0          0          0         80   exit.o
         6          0          0          0          0        152   heapauxi.o
         0          0          0          0          0          0   indicate_semi.o
         2          0          0          0          0          0   libinit.o
         2          0          0          0          0          0   libinit2.o
         2          0          0          0          0          0   libshutdown.o
         2          0          0          0          0          0   libshutdown2.o
         8          4          0          0         96         68   libspace.o
        78          0          0          0          0         80   rt_memclr_w.o
       138          0          0          0          0         68   rt_memcpy_v6.o
       100          0          0          0          0         80   rt_memcpy_w.o
         2          0          0          0          0          0   rtexit.o
        10          0          0          0          0          0   rtexit2.o
        12          4          0          0          0         68   sys_exit.o
        74          0          0          0          0         80   sys_stackheap_outer.o
         2          0          0          0          0         68   use_no_semi.o
       430          8          0          0          0        168   faddsub_clz.o
       388         76          0          0          0         96   fdiv.o
        86          0          0          0          0        136   fflt_clz.o
       140          4          0          0          0         84   fnaninf.o
        10          0          0          0          0         68   fretinf.o
         0          0          0          0          0          0   usenofp.o

    ----------------------------------------------------------------------
      1652        104          0          0         96       1364   Library Totals
        10          0          0          0          0          0   (incl. Padding)

    ----------------------------------------------------------------------

      Code (inc. data)   RO Data    RW Data    ZI Data      Debug   Library Name

       588         16          0          0         96        812   c_w.l
      1054         88          0          0          0        552   fz_ws.l

    ----------------------------------------------------------------------
      1652        104          0          0         96       1364   Library Totals

    ----------------------------------------------------------------------

==============================================================================


      Code (inc. data)   RO Data    RW Data    ZI Data      Debug   

     18696       1068        432        188       7284     720441   Grand Totals
     18696       1068        432        188       7284     720441   ELF Image Totals
     18696       1068        432        188          0          0   ROM Totals

==============================================================================

    Total RO  Size (Code + RO Data)                19128 (  18.68kB)
    Total RW  Size (RW Data + ZI Data)              7472 (   7.30kB)
    Total ROM Size (Code + RO Data + RW Data)      19316 (  18.86kB)

==============================================================================

