<html>
<body>
<pre>
<h1>µVision Build Log</h1>
<h2>Tool Versions:</h2>
IDE-Version: µVision V5.31.0.0
Copyright (C) 2020 ARM Ltd and ARM Germany GmbH. All rights reserved.
License Information: Thao Nguyen, UTE, LIC=8VRJ7-ET6IY-PC7J8-38TRF-35TI1-DBTPJ
 
Tool Versions:
Toolchain:       MDK-ARM Plus  Version: 5.31.0.0
Toolchain Path:  C:\Keil_v5\ARM\ARMCC\Bin
C Compiler:      Armcc.exe V5.06 update 6 (build 750)
Assembler:       Armasm.exe V5.06 update 6 (build 750)
Linker/Locator:  ArmLink.exe V5.06 update 6 (build 750)
Library Manager: ArmAr.exe V5.06 update 6 (build 750)
Hex Converter:   FromElf.exe V5.06 update 6 (build 750)
CPU DLL:         SARMCM3.DLL V5.31.0.0
Dialog DLL:      DCM.DLL V1.17.3.0
Target DLL:      STLink\ST-LINKIII-KEIL_SWO.dll V3.0.7.0
Dialog DLL:      TCM.DLL V1.46.0.0
 
<h2>Project:</h2>
D:\Project\IoT_weather_station\IoTWeatherStation\MDK-ARM\IoTWeatherStation.uvprojx
Project File Date:  09/13/2026

<h2>Output:</h2>
*** Using Compiler 'V5.06 update 6 (build 750)', folder: 'C:\Keil_v5\ARM\ARMCC\Bin'
Rebuild target 'IoTWeatherStation'
assembling startup_stm32f103xb.s...
compiling stm32f1xx_it.c...
compiling stm32f1xx_hal_msp.c...
compiling stm32f1xx_hal_rcc_ex.c...
compiling freertos.c...
compiling stm32f1xx_hal_gpio_ex.c...
compiling stm32f1xx_hal_timebase_tim.c...
compiling stm32f1xx_hal.c...
compiling stm32f1xx_hal_tim_ex.c...
compiling main.c...
../Core/Src/main.c(402): warning:  #188-D: enumerated type mixed with another type
  	HAL_StatusTypeDef status_BMP180 = BMP180_Init();
../Core/Src/main.c(403): warning:  #188-D: enumerated type mixed with another type
  	HAL_StatusTypeDef status_DHT11 = DHT11_Init();
../Core/Src/main.c(414): warning:  #188-D: enumerated type mixed with another type
  		status = BMP180_GetData(&data.bmp180);
../Core/Src/main.c(417): warning:  #188-D: enumerated type mixed with another type
  		status = DHT11_GetData(&data.dht11);
../Core/Src/main.c: 4 warnings, 0 errors
compiling stm32f1xx_hal_rcc.c...
compiling stm32f1xx_hal_tim.c...
compiling croutine.c...
compiling stm32f1xx_hal_cortex.c...
compiling event_groups.c...
compiling list.c...
compiling stm32f1xx_hal_gpio.c...
compiling stm32f1xx_hal_flash.c...
compiling stm32f1xx_hal_dma.c...
compiling system_stm32f1xx.c...
compiling stm32f1xx_hal_flash_ex.c...
compiling stream_buffer.c...
compiling stm32f1xx_hal_exti.c...
compiling stm32f1xx_hal_pwr.c...
compiling queue.c...
compiling timers.c...
compiling tasks.c...
compiling heap_4.c...
compiling fonts.c...
compiling port.c...
compiling stm32f1xx_hal_spi.c...
compiling cmsis_os.c...
compiling stm32f1xx_hal_i2c.c...
compiling BMP180.c...
..\mylib\BMP180.c(82): warning:  #177-D: variable "B5"  was declared but never referenced
  	int32_t B5;
..\mylib\BMP180.c: 1 warning, 0 errors
compiling ST7735_SPI.c...
..\mylib\ST7735_SPI.c(8): warning:  #188-D: enumerated type mixed with another type
      HAL_GPIO_WritePin(CS_PORT, CS_PIN, 0); // Pull CS to select slave
..\mylib\ST7735_SPI.c(10): warning:  #188-D: enumerated type mixed with another type
      HAL_GPIO_WritePin(DC_PORT, DC_PIN, 0); // DC = 0 -> send CMD
..\mylib\ST7735_SPI.c(14): warning:  #188-D: enumerated type mixed with another type
      HAL_GPIO_WritePin(CS_PORT, CS_PIN, 1); // End writing
..\mylib\ST7735_SPI.c(19): warning:  #188-D: enumerated type mixed with another type
      HAL_GPIO_WritePin(CS_PORT, CS_PIN, 0);
..\mylib\ST7735_SPI.c(21): warning:  #188-D: enumerated type mixed with another type
      HAL_GPIO_WritePin(DC_PORT, DC_PIN, 1); // DC = 1 -> send DATA
..\mylib\ST7735_SPI.c(25): warning:  #188-D: enumerated type mixed with another type
      HAL_GPIO_WritePin(CS_PORT, CS_PIN, 1);
..\mylib\ST7735_SPI.c(64): warning:  #188-D: enumerated type mixed with another type
  	HAL_GPIO_WritePin(CS_PORT, CS_PIN, 1);
..\mylib\ST7735_SPI.c(66): warning:  #188-D: enumerated type mixed with another type
  	HAL_GPIO_WritePin(RST_PORT, RST_PIN, 0); // hard Reset
..\mylib\ST7735_SPI.c(68): warning:  #188-D: enumerated type mixed with another type
  	HAL_GPIO_WritePin(RST_PORT, RST_PIN, 1);
..\mylib\ST7735_SPI.c: 9 warnings, 0 errors
compiling DHT11.c...
linking...
Program Size: Code=18696 RO-data=432 RW-data=188 ZI-data=7284  
FromELF: creating hex file...
"IoTWeatherStation\IoTWeatherStation.axf" - 0 Error(s), 14 Warning(s).

<h2>Software Packages used:</h2>

Package Vendor: ARM
                http://www.keil.com/pack/ARM.CMSIS.5.7.0.pack
                ARM.CMSIS.5.7.0
                CMSIS (Cortex Microcontroller Software Interface Standard)
   * Component: CORE Version: 5.4.0

Package Vendor: Keil
                https://www.keil.com/pack/Keil.STM32F1xx_DFP.2.4.1.pack
                Keil.STM32F1xx_DFP.2.4.1
                STMicroelectronics STM32F1 Series Device Support, Drivers and Examples

<h2>Collection of Component include folders:</h2>
  .\RTE\_IoTWeatherStation
  C:\Users\THAONGUYEN\AppData\Local\Arm\Packs\ARM\CMSIS\5.7.0\CMSIS\Core\Include
  C:\Users\THAONGUYEN\AppData\Local\Arm\Packs\Keil\STM32F1xx_DFP\2.4.1\Device\Include

<h2>Collection of Component Files used:</h2>

   * Component: ARM::CMSIS:CORE:5.4.0
      Include file:  CMSIS\Core\Include\tz_context.h
Build Time Elapsed:  00:00:05
</pre>
</body>
</html>
